Archive member included to satisfy reference by file (symbol)

C:/ST/STM32CubeIDE_1.12.1/STM32CubeIDE/plugins/com.st.stm32cube.ide.mcu.externaltools.gnu-tools-for-stm32.11.3.rel1.win32_1.1.1.202309131626/tools/bin/../lib/gcc/arm-none-eabi/11.3.1/../../../../arm-none-eabi/lib/thumb/v7e-m+dp/hard\libc_nano.a(libc_a-exit.o)
                              C:/ST/STM32CubeIDE_1.12.1/STM32CubeIDE/plugins/com.st.stm32cube.ide.mcu.externaltools.gnu-tools-for-stm32.11.3.rel1.win32_1.1.1.202309131626/tools/bin/../lib/gcc/arm-none-eabi/11.3.1/../../../../arm-none-eabi/lib/thumb/v7e-m+dp/hard/crt0.o (exit)
C:/ST/STM32CubeIDE_1.12.1/STM32CubeIDE/plugins/com.st.stm32cube.ide.mcu.externaltools.gnu-tools-for-stm32.11.3.rel1.win32_1.1.1.202309131626/tools/bin/../lib/gcc/arm-none-eabi/11.3.1/../../../../arm-none-eabi/lib/thumb/v7e-m+dp/hard\libc_nano.a(libc_a-findfp.o)
                              C:/ST/STM32CubeIDE_1.12.1/STM32CubeIDE/plugins/com.st.stm32cube.ide.mcu.externaltools.gnu-tools-for-stm32.11.3.rel1.win32_1.1.1.202309131626/tools/bin/../lib/gcc/arm-none-eabi/11.3.1/../../../../arm-none-eabi/lib/thumb/v7e-m+dp/hard\libc_nano.a(libc_a-exit.o) (__stdio_exit_handler)
C:/ST/STM32CubeIDE_1.12.1/STM32CubeIDE/plugins/com.st.stm32cube.ide.mcu.externaltools.gnu-tools-for-stm32.11.3.rel1.win32_1.1.1.202309131626/tools/bin/../lib/gcc/arm-none-eabi/11.3.1/../../../../arm-none-eabi/lib/thumb/v7e-m+dp/hard\libc_nano.a(libc_a-fwalk.o)
                              C:/ST/STM32CubeIDE_1.12.1/STM32CubeIDE/plugins/com.st.stm32cube.ide.mcu.externaltools.gnu-tools-for-stm32.11.3.rel1.win32_1.1.1.202309131626/tools/bin/../lib/gcc/arm-none-eabi/11.3.1/../../../../arm-none-eabi/lib/thumb/v7e-m+dp/hard\libc_nano.a(libc_a-findfp.o) (_fwalk_sglue)
C:/ST/STM32CubeIDE_1.12.1/STM32CubeIDE/plugins/com.st.stm32cube.ide.mcu.externaltools.gnu-tools-for-stm32.11.3.rel1.win32_1.1.1.202309131626/tools/bin/../lib/gcc/arm-none-eabi/11.3.1/../../../../arm-none-eabi/lib/thumb/v7e-m+dp/hard\libc_nano.a(libc_a-printf.o)
                              ./src/main.o (printf)
C:/ST/STM32CubeIDE_1.12.1/STM32CubeIDE/plugins/com.st.stm32cube.ide.mcu.externaltools.gnu-tools-for-stm32.11.3.rel1.win32_1.1.1.202309131626/tools/bin/../lib/gcc/arm-none-eabi/11.3.1/../../../../arm-none-eabi/lib/thumb/v7e-m+dp/hard\libc_nano.a(libc_a-setbuf.o)
                              ./src/init.o (setbuf)
C:/ST/STM32CubeIDE_1.12.1/STM32CubeIDE/plugins/com.st.stm32cube.ide.mcu.externaltools.gnu-tools-for-stm32.11.3.rel1.win32_1.1.1.202309131626/tools/bin/../lib/gcc/arm-none-eabi/11.3.1/../../../../arm-none-eabi/lib/thumb/v7e-m+dp/hard\libc_nano.a(libc_a-setvbuf.o)
                              C:/ST/STM32CubeIDE_1.12.1/STM32CubeIDE/plugins/com.st.stm32cube.ide.mcu.externaltools.gnu-tools-for-stm32.11.3.rel1.win32_1.1.1.202309131626/tools/bin/../lib/gcc/arm-none-eabi/11.3.1/../../../../arm-none-eabi/lib/thumb/v7e-m+dp/hard\libc_nano.a(libc_a-setbuf.o) (setvbuf)
C:/ST/STM32CubeIDE_1.12.1/STM32CubeIDE/plugins/com.st.stm32cube.ide.mcu.externaltools.gnu-tools-for-stm32.11.3.rel1.win32_1.1.1.202309131626/tools/bin/../lib/gcc/arm-none-eabi/11.3.1/../../../../arm-none-eabi/lib/thumb/v7e-m+dp/hard\libc_nano.a(libc_a-stdio.o)
                              C:/ST/STM32CubeIDE_1.12.1/STM32CubeIDE/plugins/com.st.stm32cube.ide.mcu.externaltools.gnu-tools-for-stm32.11.3.rel1.win32_1.1.1.202309131626/tools/bin/../lib/gcc/arm-none-eabi/11.3.1/../../../../arm-none-eabi/lib/thumb/v7e-m+dp/hard\libc_nano.a(libc_a-findfp.o) (__sread)
C:/ST/STM32CubeIDE_1.12.1/STM32CubeIDE/plugins/com.st.stm32cube.ide.mcu.externaltools.gnu-tools-for-stm32.11.3.rel1.win32_1.1.1.202309131626/tools/bin/../lib/gcc/arm-none-eabi/11.3.1/../../../../arm-none-eabi/lib/thumb/v7e-m+dp/hard\libc_nano.a(libc_a-memset.o)
                              C:/ST/STM32CubeIDE_1.12.1/STM32CubeIDE/plugins/com.st.stm32cube.ide.mcu.externaltools.gnu-tools-for-stm32.11.3.rel1.win32_1.1.1.202309131626/tools/bin/../lib/gcc/arm-none-eabi/11.3.1/../../../../arm-none-eabi/lib/thumb/v7e-m+dp/hard/crt0.o (memset)
C:/ST/STM32CubeIDE_1.12.1/STM32CubeIDE/plugins/com.st.stm32cube.ide.mcu.externaltools.gnu-tools-for-stm32.11.3.rel1.win32_1.1.1.202309131626/tools/bin/../lib/gcc/arm-none-eabi/11.3.1/../../../../arm-none-eabi/lib/thumb/v7e-m+dp/hard\libc_nano.a(libc_a-closer.o)
                              C:/ST/STM32CubeIDE_1.12.1/STM32CubeIDE/plugins/com.st.stm32cube.ide.mcu.externaltools.gnu-tools-for-stm32.11.3.rel1.win32_1.1.1.202309131626/tools/bin/../lib/gcc/arm-none-eabi/11.3.1/../../../../arm-none-eabi/lib/thumb/v7e-m+dp/hard\libc_nano.a(libc_a-stdio.o) (_close_r)
C:/ST/STM32CubeIDE_1.12.1/STM32CubeIDE/plugins/com.st.stm32cube.ide.mcu.externaltools.gnu-tools-for-stm32.11.3.rel1.win32_1.1.1.202309131626/tools/bin/../lib/gcc/arm-none-eabi/11.3.1/../../../../arm-none-eabi/lib/thumb/v7e-m+dp/hard\libc_nano.a(libc_a-reent.o)
[...]
Memory Configuration

Name             Origin             Length             Attributes
RAM              0x0000000020000000 0x0000000000080000 xrw
ROM              0x0000000008000000 0x0000000000200000 xr
*default*        0x0000000000000000 0xffffffffffffffff

Linker script and memory map

LOAD C:/ST/STM32CubeIDE_1.12.1/STM32CubeIDE/plugins/com.st.stm32cube.ide.mcu.externaltools.gnu-tools-for-stm32.11.3.rel1.win32_1.1.1.202309131626/tools/bin/../lib/gcc/arm-none-eabi/11.3.1/thumb/v7e-m+dp/hard/crti.o
LOAD C:/ST/STM32CubeIDE_1.12.1/STM32CubeIDE/plugins/com.st.stm32cube.ide.mcu.externaltools.gnu-tools-for-stm32.11.3.rel1.win32_1.1.1.202309131626/tools/bin/../lib/gcc/arm-none-eabi/11.3.1/thumb/v7e-m+dp/hard/crtbegin.o
LOAD C:/ST/STM32CubeIDE_1.12.1/STM32CubeIDE/plugins/com.st.stm32cube.ide.mcu.externaltools.gnu-tools-for-stm32.11.3.rel1.win32_1.1.1.202309131626/tools/bin/../lib/gcc/arm-none-eabi/11.3.1/../../../../arm-none-eabi/lib/thumb/v7e-m+dp/hard/crt0.o
LOAD ./src/init.o
LOAD ./src/main.o
LOAD ./src/mpu5060.o
LOAD ./src/uart.o
LOAD ./startup/startup_stm32f769nihx.o
LOAD ./stm32lib/CMSIS/Device/ST/STM32F7xx/Source/Templates/system_stm32f7xx.o
LOAD ./stm32lib/STM32F7xx_HAL_Driver/Src/Legacy/stm32f7xx_hal_eth.o
LOAD ./stm32lib/STM32F7xx_HAL_Driver/Src/stm32f7xx_hal.o
LOAD ./stm32lib/STM32F7xx_HAL_Driver/Src/stm32f7xx_hal_adc.o
LOAD ./stm32lib/STM32F7xx_HAL_Driver/Src/stm32f7xx_hal_cortex.o
LOAD ./stm32lib/STM32F7xx_HAL_Driver/Src/stm32f7xx_hal_gpio.o
LOAD ./stm32lib/STM32F7xx_HAL_Driver/Src/stm32f7xx_hal_i2c.o
LOAD ./stm32lib/STM32F7xx_HAL_Driver/Src/stm32f7xx_hal_pwr.o
LOAD ./stm32lib/STM32F7xx_HAL_Driver/Src/stm32f7xx_hal_pwr_ex.o
LOAD ./stm32lib/STM32F7xx_HAL_Driver/Src/stm32f7xx_hal_rcc.o
LOAD ./stm32lib/STM32F7xx_HAL_Driver/Src/stm32f7xx_hal_tim.o
LOAD ./stm32lib/STM32F7xx_HAL_Driver/Src/stm32f7xx_hal_uart.o
START GROUP
LOAD C:/ST/STM32CubeIDE_1.12.1/STM32CubeIDE/plugins/com.st.stm32cube.ide.mcu.externaltools.gnu-tools-for-stm32.11.3.rel1.win32_1.1.1.202309131626/tools/bin/../lib/gcc/arm-none-eabi/11.3.1/../../../../arm-none-eabi/lib/thumb/v7e-m+dp/hard\libc_nano.a
LOAD C:/ST/STM32CubeIDE_1.12.1/STM32CubeIDE/plugins/com.st.stm32cube.ide.mcu.externaltools.gnu-tools-for-stm32.11.3.rel1.win32_1.1.1.202309131626/tools/bin/../lib/gcc/arm-none-eabi/11.3.1/../../../../arm-none-eabi/lib/thumb/v7e-m+dp/hard\libm.a
END GROUP
START GROUP
LOAD C:/ST/STM32CubeIDE_1.12.1/STM32CubeIDE/plugins/com.st.stm32cube.ide.mcu.externaltools.gnu-tools-for-stm32.11.3.rel1.win32_1.1.1.202309131626/tools/bin/../lib/gcc/arm-none-eabi/11.3.1/thumb/v7e-m+dp/hard\libgcc.a
LOAD C:/ST/STM32CubeIDE_1.12.1/STM32CubeIDE/plugins/com.st.stm32cube.ide.mcu.externaltools.gnu-tools-for-stm32.11.3.rel1.win32_1.1.1.202309131626/tools/bin/../lib/gcc/arm-none-eabi/11.3.1/../../../../arm-none-eabi/lib/thumb/v7e-m+dp/hard\libc_nano.a
END GROUP
START GROUP
LOAD C:/ST/STM32CubeIDE_1.12.1/STM32CubeIDE/plugins/com.st.stm32cube.ide.mcu.externaltools.gnu-tools-for-stm32.11.3.rel1.win32_1.1.1.202309131626/tools/bin/../lib/gcc/arm-none-eabi/11.3.1/thumb/v7e-m+dp/hard\libgcc.a
LOAD C:/ST/STM32CubeIDE_1.12.1/STM32CubeIDE/plugins/com.st.stm32cube.ide.mcu.externaltools.gnu-tools-for-stm32.11.3.rel1.win32_1.1.1.202309131626/tools/bin/../lib/gcc/arm-none-eabi/11.3.1/../../../../arm-none-eabi/lib/thumb/v7e-m+dp/hard\libc_nano.a
LOAD C:/ST/STM32CubeIDE_1.12.1/STM32CubeIDE/plugins/com.st.stm32cube.ide.mcu.externaltools.gnu-tools-for-stm32.11.3.rel1.win32_1.1.1.202309131626/tools/bin/../lib/gcc/arm-none-eabi/11.3.1/../../../../arm-none-eabi/lib/thumb/v7e-m+dp/hard\libnosys.a
END GROUP
START GROUP
LOAD C:/ST/STM32CubeIDE_1.12.1/STM32CubeIDE/plugins/com.st.stm32cube.ide.mcu.externaltools.gnu-tools-for-stm32.11.3.rel1.win32_1.1.1.202309131626/tools/bin/../lib/gcc/arm-none-eabi/11.3.1/thumb/v7e-m+dp/hard\libgcc.a
LOAD C:/ST/STM32CubeIDE_1.12.1/STM32CubeIDE/plugins/com.st.stm32cube.ide.mcu.externaltools.gnu-tools-for-stm32.11.3.rel1.win32_1.1.1.202309131626/tools/bin/../lib/gcc/arm-none-eabi/11.3.1/../../../../arm-none-eabi/lib/thumb/v7e-m+dp/hard\libc_nano.a
LOAD C:/ST/STM32CubeIDE_1.12.1/STM32CubeIDE/plugins/com.st.stm32cube.ide.mcu.externaltools.gnu-tools-for-stm32.11.3.rel1.win32_1.1.1.202309131626/tools/bin/../lib/gcc/arm-none-eabi/11.3.1/../../../../arm-none-eabi/lib/thumb/v7e-m+dp/hard\libnosys.a
END GROUP
LOAD C:/ST/STM32CubeIDE_1.12.1/STM32CubeIDE/plugins/com.st.stm32cube.ide.mcu.externaltools.gnu-tools-for-stm32.11.3.rel1.win32_1.1.1.202309131626/tools/bin/../lib/gcc/arm-none-eabi/11.3.1/thumb/v7e-m+dp/hard/crtend.o
LOAD C:/ST/STM32CubeIDE_1.12.1/STM32CubeIDE/plugins/com.st.stm32cube.ide.mcu.externaltools.gnu-tools-for-stm32.11.3.rel1.win32_1.1.1.202309131626/tools/bin/../lib/gcc/arm-none-eabi/11.3.1/thumb/v7e-m+dp/hard/crtn.o
                0x0000000020080000                _estack = 0x20080000
                0x0000000000000000                _Min_Heap_Size = 0x0
                0x0000000000000400                _Min_Stack_Size = 0x400

.isr_vector     0x0000000008000000      0x1f8
                0x0000000008000000                . = ALIGN (0x4)
 *(.isr_vector)
 .isr_vector    0x0000000008000000      0x1f8 ./startup/startup_stm32f769nihx.o
                0x0000000008000000                g_pfnVectors
                0x00000000080001f8                . = ALIGN (0x4)

.text           0x0000000008000200     0x34b4
                0x0000000008000200                . = ALIGN (0x4)
 *(.text)
 .text          0x0000000008000200       0x40 C:/ST/STM32CubeIDE_1.12.1/STM32CubeIDE/plugins/com.st.stm32cube.ide.mcu.externaltools.gnu-tools-for-stm32.11.3.rel1.win32_1.1.1.202309131626/tools/bin/../lib/gcc/arm-none-eabi/11.3.1/thumb/v7e-m+dp/hard/crtbegin.o
 .text          0x0000000008000240       0xa0 C:/ST/STM32CubeIDE_1.12.1/STM32CubeIDE/plugins/com.st.stm32cube.ide.mcu.externaltools.gnu-tools-for-stm32.11.3.rel1.win32_1.1.1.202309131626/tools/bin/../lib/gcc/arm-none-eabi/11.3.1/../../../../arm-none-eabi/lib/thumb/v7e-m+dp/hard\libc_nano.a(libc_a-memchr.o)
                0x0000000008000240                memchr
 .text          0x00000000080002e0       0x30 C:/ST/STM32CubeIDE_1.12.1/STM32CubeIDE/plugins/com.st.stm32cube.ide.mcu.externaltools.gnu-tools-for-stm32.11.3.rel1.win32_1.1.1.202309131626/tools/bin/../lib/gcc/arm-none-eabi/11.3.1/thumb/v7e-m+dp/hard\libgcc.a(_aeabi_uldivmod.o)
                0x00000000080002e0                __aeabi_uldivmod
 .text          0x0000000008000310      0x2c8 C:/ST/STM32CubeIDE_1.12.1/STM32CubeIDE/plugins/com.st.stm32cube.ide.mcu.externaltools.gnu-tools-for-stm32.11.3.rel1.win32_1.1.1.202309131626/tools/bin/../lib/gcc/arm-none-eabi/11.3.1/thumb/v7e-m+dp/hard\libgcc.a(_udivmoddi4.o)
                0x0000000008000310                __udivmoddi4
 .text          0x00000000080005d8        0x4 C:/ST/STM32CubeIDE_1.12.1/STM32CubeIDE/plugins/com.st.stm32cube.ide.mcu.externaltools.gnu-tools-for-stm32.11.3.rel1.win32_1.1.1.202309131626/tools/bin/../lib/gcc/arm-none-eabi/11.3.1/thumb/v7e-m+dp/hard\libgcc.a(_dvmd_tls.o)
                0x00000000080005d8                __aeabi_idiv0
                0x00000000080005d8                __aeabi_ldiv0
 *(.text*)
 .text.SystemClock_Config
                0x00000000080005dc       0x68 ./src/init.o
                0x00000000080005dc                SystemClock_Config
 .text.CPU_CACHE_Enable
                0x0000000008000644       0x80 ./src/init.o
                0x0000000008000644                CPU_CACHE_Enable
 .text.Clock_Inits
                0x00000000080006c4      0x284 ./src/init.o
                0x00000000080006c4                Clock_Inits
 .text.Sys_Init
                0x0000000008000948       0x38 ./src/init.o
                0x0000000008000948                Sys_Init
 .text.SysTick_Handler
                0x0000000008000980        0x8 ./src/init.o
                0x0000000008000980                SysTick_Handler
 .text.init_i2c
                0x0000000008000988       0x68 ./src/main.o
                0x0000000008000988                init_i2c
 .text.main     0x00000000080009f0       0x58 ./src/main.o
                0x00000000080009f0                main
 .text.MPU6050_Init
                0x0000000008000a48       0xa0 ./src/mpu5060.o
                0x0000000008000a48                MPU6050_Init
 .text.MPU6050_Read_Gyro
                0x0000000008000ae8       0x90 ./src/mpu5060.o
                0x0000000008000ae8                MPU6050_Read_Gyro
 .text.HAL_UART_MspInit
                0x0000000008000b78       0xd4 ./src/uart.o
                0x0000000008000b78                HAL_UART_MspInit
 .text.initUart
                0x0000000008000c4c       0x1a ./src/uart.o
                0x0000000008000c4c                initUart
 *fill*         0x0000000008000c66        0x2 
 .text._write   0x0000000008000c68       0x18 ./src/uart.o
                0x0000000008000c68                _write
 .text._read    0x0000000008000c80       0x1c ./src/uart.o
                0x0000000008000c80                _read
 .text._close   0x0000000008000c9c        0x2 ./src/uart.o
                0x0000000008000c9c                _close
 .text._lseek   0x0000000008000c9e        0x2 ./src/uart.o
                0x0000000008000c9e                _lseek
 .text._fstat   0x0000000008000ca0        0x2 ./src/uart.o
                0x0000000008000ca0                _fstat
 .text._isatty  0x0000000008000ca2        0x2 ./src/uart.o
                0x0000000008000ca2                _isatty
 .text.Reset_Handler
                0x0000000008000ca4       0x50 ./startup/startup_stm32f769nihx.o
                0x0000000008000ca4                Reset_Handler
 .text.Default_Handler
                0x0000000008000cf4        0x2 ./startup/startup_stm32f769nihx.o
                0x0000000008000cf4                HASH_RNG_IRQHandler
                0x0000000008000cf4                EXTI2_IRQHandler
                0x0000000008000cf4                TIM8_CC_IRQHandler
                0x0000000008000cf4                DebugMon_Handler
                0x0000000008000cf4                UART8_IRQHandler
                0x0000000008000cf4                SPI4_IRQHandler
                0x0000000008000cf4                QuadSPI_IRQHandler
                0x0000000008000cf4                DMA2_Stream5_IRQHandler
                0x0000000008000cf4                HardFault_Handler
                0x0000000008000cf4                JPEG_IRQHandler
                0x0000000008000cf4                DSIHOST_IRQHandler
                0x0000000008000cf4                DMA1_Stream5_IRQHandler
                0x0000000008000cf4                CAN3_RX1_IRQHandler
                0x0000000008000cf4                PVD_IRQHandler
                0x0000000008000cf4                TAMP_STAMP_IRQHandler
                0x0000000008000cf4                PendSV_Handler
                0x0000000008000cf4                NMI_Handler
                0x0000000008000cf4                CAN2_RX1_IRQHandler
                0x0000000008000cf4                EXTI3_IRQHandler
                0x0000000008000cf4                TIM8_TRG_COM_TIM14_IRQHandler
                0x0000000008000cf4                DFSDM1_FLT1_IRQHandler
                0x0000000008000cf4                TIM8_UP_TIM13_IRQHandler
                0x0000000008000cf4                I2C3_ER_IRQHandler
                0x0000000008000cf4                DFSDM1_FLT2_IRQHandler
                0x0000000008000cf4                LCD_TFT_IRQHandler
                0x0000000008000cf4                EXTI0_IRQHandler
                0x0000000008000cf4                DMA1_Stream2_IRQHandler
                0x0000000008000cf4                CAN1_RX0_IRQHandler
                0x0000000008000cf4                FPU_IRQHandler
                0x0000000008000cf4                OTG_HS_WKUP_IRQHandler
                0x0000000008000cf4                CAN3_SCE_IRQHandler
                0x0000000008000cf4                UsageFault_Handler
                0x0000000008000cf4                CAN2_SCE_IRQHandler
                0x0000000008000cf4                DMA2_Stream2_IRQHandler
                0x0000000008000cf4                SPI1_IRQHandler
                0x0000000008000cf4                TIM6_DAC_IRQHandler
                0x0000000008000cf4                TIM1_BRK_TIM9_IRQHandler
                0x0000000008000cf4                DCMI_IRQHandler
                0x0000000008000cf4                CAN2_RX0_IRQHandler
                0x0000000008000cf4                DMA2_Stream3_IRQHandler
                0x0000000008000cf4                RTC_ALARM_IRQHandler
                0x0000000008000cf4                SAI2_IRQHandler
                0x0000000008000cf4                DFSDM1_FLT3_IRQHandler
                0x0000000008000cf4                USART6_IRQHandler
                0x0000000008000cf4                CAN3_RX0_IRQHandler
                0x0000000008000cf4                USART3_IRQHandler
                0x0000000008000cf4                CAN1_RX1_IRQHandler
                0x0000000008000cf4                UART5_IRQHandler
                0x0000000008000cf4                DMA2_Stream0_IRQHandler
                0x0000000008000cf4                TIM4_IRQHandler
                0x0000000008000cf4                I2C1_EV_IRQHandler
                0x0000000008000cf4                HDMI_CEC_IRQHandler
                0x0000000008000cf4                DMA1_Stream6_IRQHandler
                0x0000000008000cf4                DMA1_Stream1_IRQHandler
                0x0000000008000cf4                UART4_IRQHandler
                0x0000000008000cf4                TIM3_IRQHandler
                0x0000000008000cf4                RCC_IRQHandler
                0x0000000008000cf4                TIM8_BRK_TIM12_IRQHandler
                0x0000000008000cf4                Default_Handler
                0x0000000008000cf4                EXTI15_10_IRQHandler
                0x0000000008000cf4                ADC_IRQHandler
                0x0000000008000cf4                DMA1_Stream7_IRQHandler
                0x0000000008000cf4                SPI5_IRQHandler
                0x0000000008000cf4                LPTimer1_IRQHandler
                0x0000000008000cf4                TIM7_IRQHandler
                0x0000000008000cf4                SDMMC1_IRQHandler
                0x0000000008000cf4                CAN2_TX_IRQHandler
                0x0000000008000cf4                TIM5_IRQHandler
                0x0000000008000cf4                DMA2_Stream7_IRQHandler
                0x0000000008000cf4                I2C3_EV_IRQHandler
                0x0000000008000cf4                EXTI9_5_IRQHandler
                0x0000000008000cf4                RTC_WKUP_IRQHandler
                0x0000000008000cf4                ETH_WKUP_IRQHandler
                0x0000000008000cf4                SPI2_IRQHandler
                0x0000000008000cf4                OTG_HS_EP1_IN_IRQHandler
                0x0000000008000cf4                MemManage_Handler
                0x0000000008000cf4                DMA1_Stream0_IRQHandler
                0x0000000008000cf4                CAN1_TX_IRQHandler
                0x0000000008000cf4                SVC_Handler
                0x0000000008000cf4                EXTI4_IRQHandler
                0x0000000008000cf4                ETH_IRQHandler
                0x0000000008000cf4                OTG_HS_EP1_OUT_IRQHandler
                0x0000000008000cf4                WWDG_IRQHandler
                0x0000000008000cf4                SPI6_IRQHandler
                0x0000000008000cf4                MDIOS_IRQHandler
                0x0000000008000cf4                I2C4_EV_IRQHandler
                0x0000000008000cf4                CAN3_TX_IRQHandler
                0x0000000008000cf4                TIM2_IRQHandler
                0x0000000008000cf4                OTG_FS_WKUP_IRQHandler
                0x0000000008000cf4                TIM1_TRG_COM_TIM11_IRQHandler
                0x0000000008000cf4                OTG_HS_IRQHandler
                0x0000000008000cf4                DMA2D_IRQHandler
                0x0000000008000cf4                EXTI1_IRQHandler
                0x0000000008000cf4                SDMMC2_IRQHandler
                0x0000000008000cf4                UART7_IRQHandler
                0x0000000008000cf4                USART2_IRQHandler
                0x0000000008000cf4                DFSDM1_FLT0_IRQHandler
                0x0000000008000cf4                SPDIFRX_IRQHandler
                0x0000000008000cf4                DMA2_Stream1_IRQHandler
                0x0000000008000cf4                CAN1_SCE_IRQHandler
                0x0000000008000cf4                FLASH_IRQHandler
                0x0000000008000cf4                DMA2_Stream4_IRQHandler
                0x0000000008000cf4                BusFault_Handler
                0x0000000008000cf4                USART1_IRQHandler
                0x0000000008000cf4                OTG_FS_IRQHandler
                0x0000000008000cf4                SPI3_IRQHandler
                0x0000000008000cf4                DMA1_Stream4_IRQHandler
                0x0000000008000cf4                I2C1_ER_IRQHandler
                0x0000000008000cf4                FMC_IRQHandler
                0x0000000008000cf4                I2C4_ER_IRQHandler
                0x0000000008000cf4                DMA2_Stream6_IRQHandler
                0x0000000008000cf4                SAI1_IRQHandler
                0x0000000008000cf4                DMA1_Stream3_IRQHandler
 *fill*         0x0000000008000cf6        0x2 
 .text.SystemInit
                0x0000000008000cf8       0x14 ./stm32lib/CMSIS/Device/ST/STM32F7xx/Source/Templates/system_stm32f7xx.o
                0x0000000008000cf8                SystemInit
 .text.HAL_MspInit
                0x0000000008000d0c        0x2 ./stm32lib/STM32F7xx_HAL_Driver/Src/stm32f7xx_hal.o
                0x0000000008000d0c                HAL_MspInit
 *fill*         0x0000000008000d0e        0x2 
 .text.HAL_InitTick
                0x0000000008000d10       0x48 ./stm32lib/STM32F7xx_HAL_Driver/Src/stm32f7xx_hal.o
                0x0000000008000d10                HAL_InitTick
 .text.HAL_Init
                0x0000000008000d58       0x2c ./stm32lib/STM32F7xx_HAL_Driver/Src/stm32f7xx_hal.o
                0x0000000008000d58                HAL_Init
 .text.HAL_IncTick
                0x0000000008000d84       0x18 ./stm32lib/STM32F7xx_HAL_Driver/Src/stm32f7xx_hal.o
                0x0000000008000d84                HAL_IncTick
 .text.HAL_GetTick
                0x0000000008000d9c        0xc ./stm32lib/STM32F7xx_HAL_Driver/Src/stm32f7xx_hal.o
                0x0000000008000d9c                HAL_GetTick
 .text.HAL_Delay
                0x0000000008000da8       0x28 ./stm32lib/STM32F7xx_HAL_Driver/Src/stm32f7xx_hal.o
                0x0000000008000da8                HAL_Delay
 .text.HAL_NVIC_SetPriorityGrouping
                0x0000000008000dd0       0x24 ./stm32lib/STM32F7xx_HAL_Driver/Src/stm32f7xx_hal_cortex.o
                0x0000000008000dd0                HAL_NVIC_SetPriorityGrouping
 .text.HAL_NVIC_SetPriority
                0x0000000008000df4       0x6c ./stm32lib/STM32F7xx_HAL_Driver/Src/stm32f7xx_hal_cortex.o
                0x0000000008000df4                HAL_NVIC_SetPriority
 .text.HAL_SYSTICK_Config
                0x0000000008000e60       0x28 ./stm32lib/STM32F7xx_HAL_Driver/Src/stm32f7xx_hal_cortex.o
                0x0000000008000e60                HAL_SYSTICK_Config
 .text.HAL_GPIO_Init
                0x0000000008000e88      0x204 ./stm32lib/STM32F7xx_HAL_Driver/Src/stm32f7xx_hal_gpio.o
                0x0000000008000e88                HAL_GPIO_Init
 .text.I2C_Flush_TXDR
                0x000000000800108c       0x22 ./stm32lib/STM32F7xx_HAL_Driver/Src/stm32f7xx_hal_i2c.o
 .text.I2C_TransferConfig
                0x00000000080010ae       0x3c ./stm32lib/STM32F7xx_HAL_Driver/Src/stm32f7xx_hal_i2c.o
 .text.I2C_IsErrorOccurred
                0x00000000080010ea      0x118 ./stm32lib/STM32F7xx_HAL_Driver/Src/stm32f7xx_hal_i2c.o
 .text.I2C_WaitOnTXISFlagUntilTimeout
                0x0000000008001202       0x56 ./stm32lib/STM32F7xx_HAL_Driver/Src/stm32f7xx_hal_i2c.o
 .text.I2C_WaitOnFlagUntilTimeout
                0x0000000008001258       0x56 ./stm32lib/STM32F7xx_HAL_Driver/Src/stm32f7xx_hal_i2c.o
 *fill*         0x00000000080012ae        0x2 
 .text.I2C_RequestMemoryWrite
                0x00000000080012b0       0x7c ./stm32lib/STM32F7xx_HAL_Driver/Src/stm32f7xx_hal_i2c.o
 .text.I2C_RequestMemoryRead
                0x000000000800132c       0x78 ./stm32lib/STM32F7xx_HAL_Driver/Src/stm32f7xx_hal_i2c.o
 .text.I2C_WaitOnSTOPFlagUntilTimeout
                0x00000000080013a4       0x50 ./stm32lib/STM32F7xx_HAL_Driver/Src/stm32f7xx_hal_i2c.o
 .text.HAL_I2C_MspInit
                0x00000000080013f4        0x2 ./stm32lib/STM32F7xx_HAL_Driver/Src/stm32f7xx_hal_i2c.o
                0x00000000080013f4                HAL_I2C_MspInit
 *fill*         0x00000000080013f6        0x2 
 .text.HAL_I2C_Init
                0x00000000080013f8       0xbc ./stm32lib/STM32F7xx_HAL_Driver/Src/stm32f7xx_hal_i2c.o
                0x00000000080013f8                HAL_I2C_Init
 .text.HAL_I2C_Mem_Write
                0x00000000080014b4      0x1aa ./stm32lib/STM32F7xx_HAL_Driver/Src/stm32f7xx_hal_i2c.o
                0x00000000080014b4                HAL_I2C_Mem_Write
 *fill*         0x000000000800165e        0x2 
 .text.HAL_I2C_Mem_Read
                0x0000000008001660      0x1b0 ./stm32lib/STM32F7xx_HAL_Driver/Src/stm32f7xx_hal_i2c.o
                0x0000000008001660                HAL_I2C_Mem_Read
 .text.HAL_PWREx_EnableOverDrive
                0x0000000008001810       0x7c ./stm32lib/STM32F7xx_HAL_Driver/Src/stm32f7xx_hal_pwr_ex.o
                0x0000000008001810                HAL_PWREx_EnableOverDrive
 .text.HAL_RCC_OscConfig
                0x000000000800188c      0x444 ./stm32lib/STM32F7xx_HAL_Driver/Src/stm32f7xx_hal_rcc.o
                0x000000000800188c                HAL_RCC_OscConfig
 .text.HAL_RCC_GetSysClockFreq
                0x0000000008001cd0       0xa8 ./stm32lib/STM32F7xx_HAL_Driver/Src/stm32f7xx_hal_rcc.o
                0x0000000008001cd0                HAL_RCC_GetSysClockFreq
 .text.HAL_RCC_ClockConfig
                0x0000000008001d78      0x16c ./stm32lib/STM32F7xx_HAL_Driver/Src/stm32f7xx_hal_rcc.o
                0x0000000008001d78                HAL_RCC_ClockConfig
 .text.HAL_RCC_GetHCLKFreq
                0x0000000008001ee4        0xc ./stm32lib/STM32F7xx_HAL_Driver/Src/stm32f7xx_hal_rcc.o
                0x0000000008001ee4                HAL_RCC_GetHCLKFreq
 .text.HAL_RCC_GetPCLK1Freq
                0x0000000008001ef0       0x20 ./stm32lib/STM32F7xx_HAL_Driver/Src/stm32f7xx_hal_rcc.o
                0x0000000008001ef0                HAL_RCC_GetPCLK1Freq
 .text.HAL_RCC_GetPCLK2Freq
                0x0000000008001f10       0x20 ./stm32lib/STM32F7xx_HAL_Driver/Src/stm32f7xx_hal_rcc.o
                0x0000000008001f10                HAL_RCC_GetPCLK2Freq
 .text.UART_SetConfig
                0x0000000008001f30      0x330 ./stm32lib/STM32F7xx_HAL_Driver/Src/stm32f7xx_hal_uart.o
                0x0000000008001f30                UART_SetConfig
 .text.UART_AdvFeatureConfig
                0x0000000008002260       0xca ./stm32lib/STM32F7xx_HAL_Driver/Src/stm32f7xx_hal_uart.o
                0x0000000008002260                UART_AdvFeatureConfig
 .text.UART_WaitOnFlagUntilTimeout
                0x000000000800232a       0xd4 ./stm32lib/STM32F7xx_HAL_Driver/Src/stm32f7xx_hal_uart.o
                0x000000000800232a                UART_WaitOnFlagUntilTimeout
 .text.HAL_UART_Transmit
                0x00000000080023fe       0xbc ./stm32lib/STM32F7xx_HAL_Driver/Src/stm32f7xx_hal_uart.o
                0x00000000080023fe                HAL_UART_Transmit
 .text.HAL_UART_Receive
                0x00000000080024ba      0x10e ./stm32lib/STM32F7xx_HAL_Driver/Src/stm32f7xx_hal_uart.o
                0x00000000080024ba                HAL_UART_Receive
 .text.UART_CheckIdleState
                0x00000000080025c8       0x74 ./stm32lib/STM32F7xx_HAL_Driver/Src/stm32f7xx_hal_uart.o
                0x00000000080025c8                UART_CheckIdleState
 .text.HAL_UART_Init
                0x000000000800263c       0x62 ./stm32lib/STM32F7xx_HAL_Driver/Src/stm32f7xx_hal_uart.o
                0x000000000800263c                HAL_UART_Init
 *fill*         0x000000000800269e        0x2 
 .text.std      0x00000000080026a0       0x6c C:/ST/STM32CubeIDE_1.12.1/STM32CubeIDE/plugins/com.st.stm32cube.ide.mcu.externaltools.gnu-tools-for-stm32.11.3.rel1.win32_1.1.1.202309131626/tools/bin/../lib/gcc/arm-none-eabi/11.3.1/../../../../arm-none-eabi/lib/thumb/v7e-m+dp/hard\libc_nano.a(libc_a-findfp.o)
 .text.stdio_exit_handler
                0x000000000800270c       0x18 C:/ST/STM32CubeIDE_1.12.1/STM32CubeIDE/plugins/com.st.stm32cube.ide.mcu.externaltools.gnu-tools-for-stm32.11.3.rel1.win32_1.1.1.202309131626/tools/bin/../lib/gcc/arm-none-eabi/11.3.1/../../../../arm-none-eabi/lib/thumb/v7e-m+dp/hard\libc_nano.a(libc_a-findfp.o)
 .text.cleanup_stdio
                0x0000000008002724       0x40 C:/ST/STM32CubeIDE_1.12.1/STM32CubeIDE/plugins/com.st.stm32cube.ide.mcu.externaltools.gnu-tools-for-stm32.11.3.rel1.win32_1.1.1.202309131626/tools/bin/../lib/gcc/arm-none-eabi/11.3.1/../../../../arm-none-eabi/lib/thumb/v7e-m+dp/hard\libc_nano.a(libc_a-findfp.o)
 .text.global_stdio_init.part.0
                0x0000000008002764       0x3c C:/ST/STM32CubeIDE_1.12.1/STM32CubeIDE/plugins/com.st.stm32cube.ide.mcu.externaltools.gnu-tools-for-stm32.11.3.rel1.win32_1.1.1.202309131626/tools/bin/../lib/gcc/arm-none-eabi/11.3.1/../../../../arm-none-eabi/lib/thumb/v7e-m+dp/hard\libc_nano.a(libc_a-findfp.o)
 .text.__sfp_lock_acquire
                0x00000000080027a0        0xc C:/ST/STM32CubeIDE_1.12.1/STM32CubeIDE/plugins/com.st.stm32cube.ide.mcu.externaltools.gnu-tools-for-stm32.11.3.rel1.win32_1.1.1.202309131626/tools/bin/../lib/gcc/arm-none-eabi/11.3.1/../../../../arm-none-eabi/lib/thumb/v7e-m+dp/hard\libc_nano.a(libc_a-findfp.o)
                0x00000000080027a0                __sfp_lock_acquire
 .text.__sfp_lock_release
                0x00000000080027ac        0xc C:/ST/STM32CubeIDE_1.12.1/STM32CubeIDE/plugins/com.st.stm32cube.ide.mcu.externaltools.gnu-tools-for-stm32.11.3.rel1.win32_1.1.1.202309131626/tools/bin/../lib/gcc/arm-none-eabi/11.3.1/../../../../arm-none-eabi/lib/thumb/v7e-m+dp/hard\libc_nano.a(libc_a-findfp.o)
                0x00000000080027ac                __sfp_lock_release
 .text.__sinit  0x00000000080027b8       0x30 C:/ST/STM32CubeIDE_1.12.1/STM32CubeIDE/plugins/com.st.stm32cube.ide.mcu.externaltools.gnu-tools-for-stm32.11.3.rel1.win32_1.1.1.202309131626/tools/bin/../lib/gcc/arm-none-eabi/11.3.1/../../../../arm-none-eabi/lib/thumb/v7e-m+dp/hard\libc_nano.a(libc_a-findfp.o)
                0x00000000080027b8                __sinit
 .text._fwalk_sglue
                0x00000000080027e8       0x3c C:/ST/STM32CubeIDE_1.12.1/STM32CubeIDE/plugins/com.st.stm32cube.ide.mcu.externaltools.gnu-tools-for-stm32.11.3.rel1.win32_1.1.1.202309131626/tools/bin/../lib/gcc/arm-none-eabi/11.3.1/../../../../arm-none-eabi/lib/thumb/v7e-m+dp/hard\libc_nano.a(libc_a-fwalk.o)
                0x00000000080027e8                _fwalk_sglue
 .text.printf   0x0000000008002824       0x24 C:/ST/STM32CubeIDE_1.12.1/STM32CubeIDE/plugins/com.st.stm32cube.ide.mcu.externaltools.gnu-tools-for-stm32.11.3.rel1.win32_1.1.1.202309131626/tools/bin/../lib/gcc/arm-none-eabi/11.3.1/../../../../arm-none-eabi/lib/thumb/v7e-m+dp/hard\libc_nano.a(libc_a-printf.o)
                0x0000000008002824                iprintf
                0x0000000008002824                printf
 .text.setbuf   0x0000000008002848       0x10 C:/ST/STM32CubeIDE_1.12.1/STM32CubeIDE/plugins/com.st.stm32cube.ide.mcu.externaltools.gnu-tools-for-stm32.11.3.rel1.win32_1.1.1.202309131626/tools/bin/../lib/gcc/arm-none-eabi/11.3.1/../../../../arm-none-eabi/lib/thumb/v7e-m+dp/hard\libc_nano.a(libc_a-setbuf.o)
                0x0000000008002848                setbuf
 .text.setvbuf  0x0000000008002858      0x15c C:/ST/STM32CubeIDE_1.12.1/STM32CubeIDE/plugins/com.st.stm32cube.ide.mcu.externaltools.gnu-tools-for-stm32.11.3.rel1.win32_1.1.1.202309131626/tools/bin/../lib/gcc/arm-none-eabi/11.3.1/../../../../arm-none-eabi/lib/thumb/v7e-m+dp/hard\libc_nano.a(libc_a-setvbuf.o)
                0x0000000008002858                setvbuf
 .text.__sread  0x00000000080029b4       0x22 C:/ST/STM32CubeIDE_1.12.1/STM32CubeIDE/plugins/com.st.stm32cube.ide.mcu.externaltools.gnu-tools-for-stm32.11.3.rel1.win32_1.1.1.202309131626/tools/bin/../lib/gcc/arm-none-eabi/11.3.1/../../../../arm-none-eabi/lib/thumb/v7e-m+dp/hard\libc_nano.a(libc_a-stdio.o)
                0x00000000080029b4                __sread
 .text.__swrite
                0x00000000080029d6       0x38 C:/ST/STM32CubeIDE_1.12.1/STM32CubeIDE/plugins/com.st.stm32cube.ide.mcu.externaltools.gnu-tools-for-stm32.11.3.rel1.win32_1.1.1.202309131626/tools/bin/../lib/gcc/arm-none-eabi/11.3.1/../../../../arm-none-eabi/lib/thumb/v7e-m+dp/hard\libc_nano.a(libc_a-stdio.o)
                0x00000000080029d6                __swrite
 .text.__sseek  0x0000000008002a0e       0x24 C:/ST/STM32CubeIDE_1.12.1/STM32CubeIDE/plugins/com.st.stm32cube.ide.mcu.externaltools.gnu-tools-for-stm32.11.3.rel1.win32_1.1.1.202309131626/tools/bin/../lib/gcc/arm-none-eabi/11.3.1/../../../../arm-none-eabi/lib/thumb/v7e-m+dp/hard\libc_nano.a(libc_a-stdio.o)
                0x0000000008002a0e                __sseek
 .text.__sclose
                0x0000000008002a32        0x8 C:/ST/STM32CubeIDE_1.12.1/STM32CubeIDE/plugins/com.st.stm32cube.ide.mcu.externaltools.gnu-tools-for-stm32.11.3.rel1.win32_1.1.1.202309131626/tools/bin/../lib/gcc/arm-none-eabi/11.3.1/../../../../arm-none-eabi/lib/thumb/v7e-m+dp/hard\libc_nano.a(libc_a-stdio.o)
                0x0000000008002a32                __sclose
 .text.memset   0x0000000008002a3a       0x10 C:/ST/STM32CubeIDE_1.12.1/STM32CubeIDE/plugins/com.st.stm32cube.ide.mcu.externaltools.gnu-tools-for-stm32.11.3.rel1.win32_1.1.1.202309131626/tools/bin/../lib/gcc/arm-none-eabi/11.3.1/../../../../arm-none-eabi/lib/thumb/v7e-m+dp/hard\libc_nano.a(libc_a-memset.o)
                0x0000000008002a3a                memset
 *fill*         0x0000000008002a4a        0x2 
 .text._close_r
                0x0000000008002a4c       0x20 C:/ST/STM32CubeIDE_1.12.1/STM32CubeIDE/plugins/com.st.stm32cube.ide.mcu.externaltools.gnu-tools-for-stm32.11.3.rel1.win32_1.1.1.202309131626/tools/bin/../lib/gcc/arm-none-eabi/11.3.1/../../../../arm-none-eabi/lib/thumb/v7e-m+dp/hard\libc_nano.a(libc_a-closer.o)
                0x0000000008002a4c                _close_r
 .text._lseek_r
                0x0000000008002a6c       0x24 C:/ST/STM32CubeIDE_1.12.1/STM32CubeIDE/plugins/com.st.stm32cube.ide.mcu.externaltools.gnu-tools-for-stm32.11.3.rel1.win32_1.1.1.202309131626/tools/bin/../lib/gcc/arm-none-eabi/11.3.1/../../../../arm-none-eabi/lib/thumb/v7e-m+dp/hard\libc_nano.a(libc_a-lseekr.o)
                0x0000000008002a6c                _lseek_r
 .text._read_r  0x0000000008002a90       0x24 C:/ST/STM32CubeIDE_1.12.1/STM32CubeIDE/plugins/com.st.stm32cube.ide.mcu.externaltools.gnu-tools-for-stm32.11.3.rel1.win32_1.1.1.202309131626/tools/bin/../lib/gcc/arm-none-eabi/11.3.1/../../../../arm-none-eabi/lib/thumb/v7e-m+dp/hard\libc_nano.a(libc_a-readr.o)
                0x0000000008002a90                _read_r
 .text._write_r
                0x0000000008002ab4       0x24 C:/ST/STM32CubeIDE_1.12.1/STM32CubeIDE/plugins/com.st.stm32cube.ide.mcu.externaltools.gnu-tools-for-stm32.11.3.rel1.win32_1.1.1.202309131626/tools/bin/../lib/gcc/arm-none-eabi/11.3.1/../../../../arm-none-eabi/lib/thumb/v7e-m+dp/hard\libc_nano.a(libc_a-writer.o)
                0x0000000008002ab4                _write_r
 .text.__libc_init_array
                0x0000000008002ad8       0x48 C:/ST/STM32CubeIDE_1.12.1/STM32CubeIDE/plugins/com.st.stm32cube.ide.mcu.externaltools.gnu-tools-for-stm32.11.3.rel1.win32_1.1.1.202309131626/tools/bin/../lib/gcc/arm-none-eabi/11.3.1/../../../../arm-none-eabi/lib/thumb/v7e-m+dp/hard\libc_nano.a(libc_a-init.o)
                0x0000000008002ad8                __libc_init_array
 .text.__retarget_lock_init_recursive
                0x0000000008002b20        0x2 C:/ST/STM32CubeIDE_1.12.1/STM32CubeIDE/plugins/com.st.stm32cube.ide.mcu.externaltools.gnu-tools-for-stm32.11.3.rel1.win32_1.1.1.202309131626/tools/bin/../lib/gcc/arm-none-eabi/11.3.1/../../../../arm-none-eabi/lib/thumb/v7e-m+dp/hard\libc_nano.a(libc_a-lock.o)
                0x0000000008002b20                __retarget_lock_init_recursive
 .text.__retarget_lock_acquire_recursive
                0x0000000008002b22        0x2 C:/ST/STM32CubeIDE_1.12.1/STM32CubeIDE/plugins/com.st.stm32cube.ide.mcu.externaltools.gnu-tools-for-stm32.11.3.rel1.win32_1.1.1.202309131626/tools/bin/../lib/gcc/arm-none-eabi/11.3.1/../../../../arm-none-eabi/lib/thumb/v7e-m+dp/hard\libc_nano.a(libc_a-lock.o)
                0x0000000008002b22                __retarget_lock_acquire_recursive
 .text.__retarget_lock_release_recursive
                0x0000000008002b24        0x2 C:/ST/STM32CubeIDE_1.12.1/STM32CubeIDE/plugins/com.st.stm32cube.ide.mcu.externaltools.gnu-tools-for-stm32.11.3.rel1.win32_1.1.1.202309131626/tools/bin/../lib/gcc/arm-none-eabi/11.3.1/../../../../arm-none-eabi/lib/thumb/v7e-m+dp/hard\libc_nano.a(libc_a-lock.o)
                0x0000000008002b24                __retarget_lock_release_recursive
 *fill*         0x0000000008002b26        0x2 
 .text._free_r  0x0000000008002b28       0x98 C:/ST/STM32CubeIDE_1.12.1/STM32CubeIDE/plugins/com.st.stm32cube.ide.mcu.externaltools.gnu-tools-for-stm32.11.3.rel1.win32_1.1.1.202309131626/tools/bin/../lib/gcc/arm-none-eabi/11.3.1/../../../../arm-none-eabi/lib/thumb/v7e-m+dp/hard\libc_nano.a(libc_a-freer.o)
                0x0000000008002b28                _free_r
 .text.malloc   0x0000000008002bc0       0x10 C:/ST/STM32CubeIDE_1.12.1/STM32CubeIDE/plugins/com.st.stm32cube.ide.mcu.externaltools.gnu-tools-for-stm32.11.3.rel1.win32_1.1.1.202309131626/tools/bin/../lib/gcc/arm-none-eabi/11.3.1/../../../../arm-none-eabi/lib/thumb/v7e-m+dp/hard\libc_nano.a(libc_a-malloc.o)
                0x0000000008002bc0                malloc
 .text.sbrk_aligned
                0x0000000008002bd0       0x40 C:/ST/STM32CubeIDE_1.12.1/STM32CubeIDE/plugins/com.st.stm32cube.ide.mcu.externaltools.gnu-tools-for-stm32.11.3.rel1.win32_1.1.1.202309131626/tools/bin/../lib/gcc/arm-none-eabi/11.3.1/../../../../arm-none-eabi/lib/thumb/v7e-m+dp/hard\libc_nano.a(libc_a-mallocr.o)
 .text._malloc_r
                0x0000000008002c10      0x100 C:/ST/STM32CubeIDE_1.12.1/STM32CubeIDE/plugins/com.st.stm32cube.ide.mcu.externaltools.gnu-tools-for-stm32.11.3.rel1.win32_1.1.1.202309131626/tools/bin/../lib/gcc/arm-none-eabi/11.3.1/../../../../arm-none-eabi/lib/thumb/v7e-m+dp/hard\libc_nano.a(libc_a-mallocr.o)
                0x0000000008002c10                _malloc_r
 .text.__malloc_lock
                0x0000000008002d10        0xc C:/ST/STM32CubeIDE_1.12.1/STM32CubeIDE/plugins/com.st.stm32cube.ide.mcu.externaltools.gnu-tools-for-stm32.11.3.rel1.win32_1.1.1.202309131626/tools/bin/../lib/gcc/arm-none-eabi/11.3.1/../../../../arm-none-eabi/lib/thumb/v7e-m+dp/hard\libc_nano.a(libc_a-mlock.o)
                0x0000000008002d10                __malloc_lock
 .text.__malloc_unlock
                0x0000000008002d1c        0xc C:/ST/STM32CubeIDE_1.12.1/STM32CubeIDE/plugins/com.st.stm32cube.ide.mcu.externaltools.gnu-tools-for-stm32.11.3.rel1.win32_1.1.1.202309131626/tools/bin/../lib/gcc/arm-none-eabi/11.3.1/../../../../arm-none-eabi/lib/thumb/v7e-m+dp/hard\libc_nano.a(libc_a-mlock.o)
                0x0000000008002d1c                __malloc_unlock
 .text.__sfputc_r
                0x0000000008002d28       0x2e C:/ST/STM32CubeIDE_1.12.1/STM32CubeIDE/plugins/com.st.stm32cube.ide.mcu.externaltools.gnu-tools-for-stm32.11.3.rel1.win32_1.1.1.202309131626/tools/bin/../lib/gcc/arm-none-eabi/11.3.1/../../../../arm-none-eabi/lib/thumb/v7e-m+dp/hard\libc_nano.a(libc_a-nano-vfprintf.o)
 .text.__sfputs_r
                0x0000000008002d56       0x24 C:/ST/STM32CubeIDE_1.12.1/STM32CubeIDE/plugins/com.st.stm32cube.ide.mcu.externaltools.gnu-tools-for-stm32.11.3.rel1.win32_1.1.1.202309131626/tools/bin/../lib/gcc/arm-none-eabi/11.3.1/../../../../arm-none-eabi/lib/thumb/v7e-m+dp/hard\libc_nano.a(libc_a-nano-vfprintf.o)
                0x0000000008002d56                __sfputs_r
 *fill*         0x0000000008002d7a        0x2 
 .text._vfprintf_r
                0x0000000008002d7c      0x234 C:/ST/STM32CubeIDE_1.12.1/STM32CubeIDE/plugins/com.st.stm32cube.ide.mcu.externaltools.gnu-tools-for-stm32.11.3.rel1.win32_1.1.1.202309131626/tools/bin/../lib/gcc/arm-none-eabi/11.3.1/../../../../arm-none-eabi/lib/thumb/v7e-m+dp/hard\libc_nano.a(libc_a-nano-vfprintf.o)
                0x0000000008002d7c                _vfprintf_r
                0x0000000008002d7c                _vfiprintf_r
 .text._printf_common
                0x0000000008002fb0       0xda C:/ST/STM32CubeIDE_1.12.1/STM32CubeIDE/plugins/com.st.stm32cube.ide.mcu.externaltools.gnu-tools-for-stm32.11.3.rel1.win32_1.1.1.202309131626/tools/bin/../lib/gcc/arm-none-eabi/11.3.1/../../../../arm-none-eabi/lib/thumb/v7e-m+dp/hard\libc_nano.a(libc_a-nano-vfprintf_i.o)
                0x0000000008002fb0                _printf_common
 *fill*         0x000000000800308a        0x2 
 .text._printf_i
                0x000000000800308c      0x244 C:/ST/STM32CubeIDE_1.12.1/STM32CubeIDE/plugins/com.st.stm32cube.ide.mcu.externaltools.gnu-tools-for-stm32.11.3.rel1.win32_1.1.1.202309131626/tools/bin/../lib/gcc/arm-none-eabi/11.3.1/../../../../arm-none-eabi/lib/thumb/v7e-m+dp/hard\libc_nano.a(libc_a-nano-vfprintf_i.o)
                0x000000000800308c                _printf_i
 .text.__sflush_r
                0x00000000080032d0      0x10c C:/ST/STM32CubeIDE_1.12.1/STM32CubeIDE/plugins/com.st.stm32cube.ide.mcu.externaltools.gnu-tools-for-stm32.11.3.rel1.win32_1.1.1.202309131626/tools/bin/../lib/gcc/arm-none-eabi/11.3.1/../../../../arm-none-eabi/lib/thumb/v7e-m+dp/hard\libc_nano.a(libc_a-fflush.o)
                0x00000000080032d0                __sflush_r
 .text._fflush_r
                0x00000000080033dc       0x50 C:/ST/STM32CubeIDE_1.12.1/STM32CubeIDE/plugins/com.st.stm32cube.ide.mcu.externaltools.gnu-tools-for-stm32.11.3.rel1.win32_1.1.1.202309131626/tools/bin/../lib/gcc/arm-none-eabi/11.3.1/../../../../arm-none-eabi/lib/thumb/v7e-m+dp/hard\libc_nano.a(libc_a-fflush.o)
                0x00000000080033dc                _fflush_r
 .text.__swhatbuf_r
                0x000000000800342c       0x4c C:/ST/STM32CubeIDE_1.12.1/STM32CubeIDE/plugins/com.st.stm32cube.ide.mcu.externaltools.gnu-tools-for-stm32.11.3.rel1.win32_1.1.1.202309131626/tools/bin/../lib/gcc/arm-none-eabi/11.3.1/../../../../arm-none-eabi/lib/thumb/v7e-m+dp/hard\libc_nano.a(libc_a-makebuf.o)
                0x000000000800342c                __swhatbuf_r
 .text.__smakebuf_r
                0x0000000008003478       0x78 C:/ST/STM32CubeIDE_1.12.1/STM32CubeIDE/plugins/com.st.stm32cube.ide.mcu.externaltools.gnu-tools-for-stm32.11.3.rel1.win32_1.1.1.202309131626/tools/bin/../lib/gcc/arm-none-eabi/11.3.1/../../../../arm-none-eabi/lib/thumb/v7e-m+dp/hard\libc_nano.a(libc_a-makebuf.o)
                0x0000000008003478                __smakebuf_r
 .text.__swbuf_r
                0x00000000080034f0       0x7a C:/ST/STM32CubeIDE_1.12.1/STM32CubeIDE/plugins/com.st.stm32cube.ide.mcu.externaltools.gnu-tools-for-stm32.11.3.rel1.win32_1.1.1.202309131626/tools/bin/../lib/gcc/arm-none-eabi/11.3.1/../../../../arm-none-eabi/lib/thumb/v7e-m+dp/hard\libc_nano.a(libc_a-wbuf.o)
                0x00000000080034f0                __swbuf_r
 *fill*         0x000000000800356a        0x2 
 .text.__swsetup_r
                0x000000000800356c       0xb0 C:/ST/STM32CubeIDE_1.12.1/STM32CubeIDE/plugins/com.st.stm32cube.ide.mcu.externaltools.gnu-tools-for-stm32.11.3.rel1.win32_1.1.1.202309131626/tools/bin/../lib/gcc/arm-none-eabi/11.3.1/../../../../arm-none-eabi/lib/thumb/v7e-m+dp/hard\libc_nano.a(libc_a-wsetup.o)
                0x000000000800356c                __swsetup_r
 .text._fstat_r
                0x000000000800361c       0x24 C:/ST/STM32CubeIDE_1.12.1/STM32CubeIDE/plugins/com.st.stm32cube.ide.mcu.externaltools.gnu-tools-for-stm32.11.3.rel1.win32_1.1.1.202309131626/tools/bin/../lib/gcc/arm-none-eabi/11.3.1/../../../../arm-none-eabi/lib/thumb/v7e-m+dp/hard\libc_nano.a(libc_a-fstatr.o)
                0x000000000800361c                _fstat_r
 .text._isatty_r
                0x0000000008003640       0x20 C:/ST/STM32CubeIDE_1.12.1/STM32CubeIDE/plugins/com.st.stm32cube.ide.mcu.externaltools.gnu-tools-for-stm32.11.3.rel1.win32_1.1.1.202309131626/tools/bin/../lib/gcc/arm-none-eabi/11.3.1/../../../../arm-none-eabi/lib/thumb/v7e-m+dp/hard\libc_nano.a(libc_a-isattyr.o)
                0x0000000008003640                _isatty_r
 .text._sbrk_r  0x0000000008003660       0x20 C:/ST/STM32CubeIDE_1.12.1/STM32CubeIDE/plugins/com.st.stm32cube.ide.mcu.externaltools.gnu-tools-for-stm32.11.3.rel1.win32_1.1.1.202309131626/tools/bin/../lib/gcc/arm-none-eabi/11.3.1/../../../../arm-none-eabi/lib/thumb/v7e-m+dp/hard\libc_nano.a(libc_a-sbrkr.o)
                0x0000000008003660                _sbrk_r
 .text._sbrk    0x0000000008003680       0x1c C:/ST/STM32CubeIDE_1.12.1/STM32CubeIDE/plugins/com.st.stm32cube.ide.mcu.externaltools.gnu-tools-for-stm32.11.3.rel1.win32_1.1.1.202309131626/tools/bin/../lib/gcc/arm-none-eabi/11.3.1/../../../../arm-none-eabi/lib/thumb/v7e-m+dp/hard\libnosys.a(sbrk.o)
                0x0000000008003680                _sbrk
 *(.glue_7)
 .glue_7        0x000000000800369c        0x0 linker stubs
 *(.glue_7t)
 .glue_7t       0x000000000800369c        0x0 linker stubs
 *(.eh_frame)
 .eh_frame      0x000000000800369c        0x0 C:/ST/STM32CubeIDE_1.12.1/STM32CubeIDE/plugins/com.st.stm32cube.ide.mcu.externaltools.gnu-tools-for-stm32.11.3.rel1.win32_1.1.1.202309131626/tools/bin/../lib/gcc/arm-none-eabi/11.3.1/thumb/v7e-m+dp/hard/crtbegin.o
 *(.init)
 .init          0x000000000800369c        0x4 C:/ST/STM32CubeIDE_1.12.1/STM32CubeIDE/plugins/com.st.stm32cube.ide.mcu.externaltools.gnu-tools-for-stm32.11.3.rel1.win32_1.1.1.202309131626/tools/bin/../lib/gcc/arm-none-eabi/11.3.1/thumb/v7e-m+dp/hard/crti.o
                0x000000000800369c                _init
 .init          0x00000000080036a0        0x8 C:/ST/STM32CubeIDE_1.12.1/STM32CubeIDE/plugins/com.st.stm32cube.ide.mcu.externaltools.gnu-tools-for-stm32.11.3.rel1.win32_1.1.1.202309131626/tools/bin/../lib/gcc/arm-none-eabi/11.3.1/thumb/v7e-m+dp/hard/crtn.o
 *(.fini)
 .fini          0x00000000080036a8        0x4 C:/ST/STM32CubeIDE_1.12.1/STM32CubeIDE/plugins/com.st.stm32cube.ide.mcu.externaltools.gnu-tools-for-stm32.11.3.rel1.win32_1.1.1.202309131626/tools/bin/../lib/gcc/arm-none-eabi/11.3.1/thumb/v7e-m+dp/hard/crti.o
                0x00000000080036a8                _fini
 .fini          0x00000000080036ac        0x8 C:/ST/STM32CubeIDE_1.12.1/STM32CubeIDE/plugins/com.st.stm32cube.ide.mcu.externaltools.gnu-tools-for-stm32.11.3.rel1.win32_1.1.1.202309131626/tools/bin/../lib/gcc/arm-none-eabi/11.3.1/thumb/v7e-m+dp/hard/crtn.o
                0x00000000080036b4                . = ALIGN (0x4)
                0x00000000080036b4                _etext = .

.vfp11_veneer   0x00000000080036b4        0x0
 .vfp11_veneer  0x00000000080036b4        0x0 linker stubs

.v4_bx          0x00000000080036b4        0x0
 .v4_bx         0x00000000080036b4        0x0 linker stubs

.iplt           0x00000000080036b4        0x0
 .iplt          0x00000000080036b4        0x0 C:/ST/STM32CubeIDE_1.12.1/STM32CubeIDE/plugins/com.st.stm32cube.ide.mcu.externaltools.gnu-tools-for-stm32.11.3.rel1.win32_1.1.1.202309131626/tools/bin/../lib/gcc/arm-none-eabi/11.3.1/thumb/v7e-m+dp/hard/crtbegin.o

.rodata         0x00000000080036b4       0x84
                0x00000000080036b4                . = ALIGN (0x4)
 *(.rodata)
 .rodata        0x00000000080036b4       0x18 ./stm32lib/CMSIS/Device/ST/STM32F7xx/Source/Templates/system_stm32f7xx.o
                0x00000000080036b4                AHBPrescTable
                0x00000000080036c4                APBPrescTable
 *(.rodata*)
 .rodata.str1.4
                0x00000000080036cc       0x36 ./src/main.o
                                         0x46 (size before relaxing)
 .rodata._vfprintf_r.str1.1
                0x0000000008003702       0x11 C:/ST/STM32CubeIDE_1.12.1/STM32CubeIDE/plugins/com.st.stm32cube.ide.mcu.externaltools.gnu-tools-for-stm32.11.3.rel1.win32_1.1.1.202309131626/tools/bin/../lib/gcc/arm-none-eabi/11.3.1/../../../../arm-none-eabi/lib/thumb/v7e-m+dp/hard\libc_nano.a(libc_a-nano-vfprintf.o)
 .rodata._printf_i.str1.1
                0x0000000008003713       0x22 C:/ST/STM32CubeIDE_1.12.1/STM32CubeIDE/plugins/com.st.stm32cube.ide.mcu.externaltools.gnu-tools-for-stm32.11.3.rel1.win32_1.1.1.202309131626/tools/bin/../lib/gcc/arm-none-eabi/11.3.1/../../../../arm-none-eabi/lib/thumb/v7e-m+dp/hard\libc_nano.a(libc_a-nano-vfprintf_i.o)
                0x0000000008003738                . = ALIGN (0x4)
 *fill*         0x0000000008003735        0x3 

.ARM.extab      0x0000000008003738        0x0
                0x0000000008003738                . = ALIGN (0x4)
 *(.ARM.extab* .gnu.linkonce.armextab.*)
                0x0000000008003738                . = ALIGN (0x4)

.ARM            0x0000000008003738        0x8
                0x0000000008003738                . = ALIGN (0x4)
                0x0000000008003738                __exidx_start = .
 *(.ARM.exidx*)
 .ARM.exidx     0x0000000008003738        0x8 C:/ST/STM32CubeIDE_1.12.1/STM32CubeIDE/plugins/com.st.stm32cube.ide.mcu.externaltools.gnu-tools-for-stm32.11.3.rel1.win32_1.1.1.202309131626/tools/bin/../lib/gcc/arm-none-eabi/11.3.1/thumb/v7e-m+dp/hard\libgcc.a(_udivmoddi4.o)
                0x0000000008003740                __exidx_end = .
                0x0000000008003740                . = ALIGN (0x4)

.rel.dyn        0x0000000008003740        0x0
 .rel.iplt      0x0000000008003740        0x0 C:/ST/STM32CubeIDE_1.12.1/STM32CubeIDE/plugins/com.st.stm32cube.ide.mcu.externaltools.gnu-tools-for-stm32.11.3.rel1.win32_1.1.1.202309131626/tools/bin/../lib/gcc/arm-none-eabi/11.3.1/thumb/v7e-m+dp/hard/crtbegin.o

.preinit_array  0x0000000008003740        0x0
                0x0000000008003740                . = ALIGN (0x4)
                0x0000000008003740                PROVIDE (__preinit_array_start = .)
 *(.preinit_array*)
                0x0000000008003740                PROVIDE (__preinit_array_end = .)
                0x0000000008003740                . = ALIGN (0x4)

.init_array     0x0000000008003740        0x4
                0x0000000008003740                . = ALIGN (0x4)
                0x0000000008003740                PROVIDE (__init_array_start = .)
 *(SORT_BY_NAME(.init_array.*))
 *(.init_array*)
 .init_array    0x0000000008003740        0x4 C:/ST/STM32CubeIDE_1.12.1/STM32CubeIDE/plugins/com.st.stm32cube.ide.mcu.externaltools.gnu-tools-for-stm32.11.3.rel1.win32_1.1.1.202309131626/tools/bin/../lib/gcc/arm-none-eabi/11.3.1/thumb/v7e-m+dp/hard/crtbegin.o
                0x0000000008003744                PROVIDE (__init_array_end = .)
                0x0000000008003744                . = ALIGN (0x4)

.fini_array     0x0000000008003744        0x4
                0x0000000008003744                . = ALIGN (0x4)
                [!provide]                        PROVIDE (__fini_array_start = .)
 *(SORT_BY_NAME(.fini_array.*))
 *(.fini_array*)
 .fini_array    0x0000000008003744        0x4 C:/ST/STM32CubeIDE_1.12.1/STM32CubeIDE/plugins/com.st.stm32cube.ide.mcu.externaltools.gnu-tools-for-stm32.11.3.rel1.win32_1.1.1.202309131626/tools/bin/../lib/gcc/arm-none-eabi/11.3.1/thumb/v7e-m+dp/hard/crtbegin.o
                [!provide]                        PROVIDE (__fini_array_end = .)
                0x0000000008003748                . = ALIGN (0x4)
                0x0000000008003748                _sidata = LOADADDR (.data)

.data           0x0000000020000000       0x68 load address 0x0000000008003748
                0x0000000020000000                . = ALIGN (0x4)
                0x0000000020000000                _sdata = .
 *(.data)
 .data          0x0000000020000000        0x4 ./stm32lib/CMSIS/Device/ST/STM32F7xx/Source/Templates/system_stm32f7xx.o
                0x0000000020000000                SystemCoreClock
 .data          0x0000000020000004        0x8 ./stm32lib/STM32F7xx_HAL_Driver/Src/stm32f7xx_hal.o
                0x0000000020000004                uwTickFreq
                0x0000000020000008                uwTickPrio
 *(.data*)
 .data.__sglue  0x000000002000000c        0xc C:/ST/STM32CubeIDE_1.12.1/STM32CubeIDE/plugins/com.st.stm32cube.ide.mcu.externaltools.gnu-tools-for-stm32.11.3.rel1.win32_1.1.1.202309131626/tools/bin/../lib/gcc/arm-none-eabi/11.3.1/../../../../arm-none-eabi/lib/thumb/v7e-m+dp/hard\libc_nano.a(libc_a-findfp.o)
                0x000000002000000c                __sglue
 .data._impure_data
                0x0000000020000018       0x4c C:/ST/STM32CubeIDE_1.12.1/STM32CubeIDE/plugins/com.st.stm32cube.ide.mcu.externaltools.gnu-tools-for-stm32.11.3.rel1.win32_1.1.1.202309131626/tools/bin/../lib/gcc/arm-none-eabi/11.3.1/../../../../arm-none-eabi/lib/thumb/v7e-m+dp/hard\libc_nano.a(libc_a-impure.o)
                0x0000000020000018                _impure_data
 .data._impure_ptr
                0x0000000020000064        0x4 C:/ST/STM32CubeIDE_1.12.1/STM32CubeIDE/plugins/com.st.stm32cube.ide.mcu.externaltools.gnu-tools-for-stm32.11.3.rel1.win32_1.1.1.202309131626/tools/bin/../lib/gcc/arm-none-eabi/11.3.1/../../../../arm-none-eabi/lib/thumb/v7e-m+dp/hard\libc_nano.a(libc_a-impure.o)
                0x0000000020000064                _impure_ptr
                0x0000000020000068                . = ALIGN (0x4)
                0x0000000020000068                _edata = .

.igot.plt       0x0000000020000068        0x0 load address 0x00000000080037b0
 .igot.plt      0x0000000020000068        0x0 C:/ST/STM32CubeIDE_1.12.1/STM32CubeIDE/plugins/com.st.stm32cube.ide.mcu.externaltools.gnu-tools-for-stm32.11.3.rel1.win32_1.1.1.202309131626/tools/bin/../lib/gcc/arm-none-eabi/11.3.1/thumb/v7e-m+dp/hard/crtbegin.o
                0x0000000020000068                . = ALIGN (0x4)

.bss            0x0000000020000068      0x2ac load address 0x00000000080037b0
                0x0000000020000068                _sbss = .
                0x0000000020000068                __bss_start__ = _sbss
 *(.bss)
 .bss           0x0000000020000068       0x1c C:/ST/STM32CubeIDE_1.12.1/STM32CubeIDE/plugins/com.st.stm32cube.ide.mcu.externaltools.gnu-tools-for-stm32.11.3.rel1.win32_1.1.1.202309131626/tools/bin/../lib/gcc/arm-none-eabi/11.3.1/thumb/v7e-m+dp/hard/crtbegin.o
 *fill*         0x0000000020000084        0x4 
 .bss           0x0000000020000088       0xb0 ./src/main.o
                0x0000000020000088                hi2c1
                0x00000000200000e0                mpu6050
 .bss           0x0000000020000138       0x88 ./src/uart.o
                0x0000000020000138                USB_UART
 .bss           0x00000000200001c0        0x4 ./stm32lib/STM32F7xx_HAL_Driver/Src/stm32f7xx_hal.o
                0x00000000200001c0                uwTick
 *(.bss*)
 .bss.__sf      0x00000000200001c4      0x138 C:/ST/STM32CubeIDE_1.12.1/STM32CubeIDE/plugins/com.st.stm32cube.ide.mcu.externaltools.gnu-tools-for-stm32.11.3.rel1.win32_1.1.1.202309131626/tools/bin/../lib/gcc/arm-none-eabi/11.3.1/../../../../arm-none-eabi/lib/thumb/v7e-m+dp/hard\libc_nano.a(libc_a-findfp.o)
                0x00000000200001c4                __sf
 .bss.__stdio_exit_handler
                0x00000000200002fc        0x4 C:/ST/STM32CubeIDE_1.12.1/STM32CubeIDE/plugins/com.st.stm32cube.ide.mcu.externaltools.gnu-tools-for-stm32.11.3.rel1.win32_1.1.1.202309131626/tools/bin/../lib/gcc/arm-none-eabi/11.3.1/../../../../arm-none-eabi/lib/thumb/v7e-m+dp/hard\libc_nano.a(libc_a-findfp.o)
                0x00000000200002fc                __stdio_exit_handler
 .bss.errno     0x0000000020000300        0x4 C:/ST/STM32CubeIDE_1.12.1/STM32CubeIDE/plugins/com.st.stm32cube.ide.mcu.externaltools.gnu-tools-for-stm32.11.3.rel1.win32_1.1.1.202309131626/tools/bin/../lib/gcc/arm-none-eabi/11.3.1/../../../../arm-none-eabi/lib/thumb/v7e-m+dp/hard\libc_nano.a(libc_a-reent.o)
                0x0000000020000300                errno
 .bss.__lock___malloc_recursive_mutex
                0x0000000020000304        0x1 C:/ST/STM32CubeIDE_1.12.1/STM32CubeIDE/plugins/com.st.stm32cube.ide.mcu.externaltools.gnu-tools-for-stm32.11.3.rel1.win32_1.1.1.202309131626/tools/bin/../lib/gcc/arm-none-eabi/11.3.1/../../../../arm-none-eabi/lib/thumb/v7e-m+dp/hard\libc_nano.a(libc_a-lock.o)
                0x0000000020000304                __lock___malloc_recursive_mutex
 .bss.__lock___sfp_recursive_mutex
                0x0000000020000305        0x1 C:/ST/STM32CubeIDE_1.12.1/STM32CubeIDE/plugins/com.st.stm32cube.ide.mcu.externaltools.gnu-tools-for-stm32.11.3.rel1.win32_1.1.1.202309131626/tools/bin/../lib/gcc/arm-none-eabi/11.3.1/../../../../arm-none-eabi/lib/thumb/v7e-m+dp/hard\libc_nano.a(libc_a-lock.o)
                0x0000000020000305                __lock___sfp_recursive_mutex
 *fill*         0x0000000020000306        0x2 
 .bss.__malloc_free_list
                0x0000000020000308        0x4 C:/ST/STM32CubeIDE_1.12.1/STM32CubeIDE/plugins/com.st.stm32cube.ide.mcu.externaltools.gnu-tools-for-stm32.11.3.rel1.win32_1.1.1.202309131626/tools/bin/../lib/gcc/arm-none-eabi/11.3.1/../../../../arm-none-eabi/lib/thumb/v7e-m+dp/hard\libc_nano.a(libc_a-mallocr.o)
                0x0000000020000308                __malloc_free_list
 .bss.__malloc_sbrk_start
                0x000000002000030c        0x4 C:/ST/STM32CubeIDE_1.12.1/STM32CubeIDE/plugins/com.st.stm32cube.ide.mcu.externaltools.gnu-tools-for-stm32.11.3.rel1.win32_1.1.1.202309131626/tools/bin/../lib/gcc/arm-none-eabi/11.3.1/../../../../arm-none-eabi/lib/thumb/v7e-m+dp/hard\libc_nano.a(libc_a-mallocr.o)
                0x000000002000030c                __malloc_sbrk_start
 .bss.heap_end.0
                0x0000000020000310        0x4 C:/ST/STM32CubeIDE_1.12.1/STM32CubeIDE/plugins/com.st.stm32cube.ide.mcu.externaltools.gnu-tools-for-stm32.11.3.rel1.win32_1.1.1.202309131626/tools/bin/../lib/gcc/arm-none-eabi/11.3.1/../../../../arm-none-eabi/lib/thumb/v7e-m+dp/hard\libnosys.a(sbrk.o)
 *(COMMON)
                0x0000000020000314                . = ALIGN (0x4)
                0x0000000020000314                _ebss = .
                0x0000000020000314                __bss_end__ = _ebss

._user_heap_stack
                0x0000000020000314      0x404 load address 0x00000000080037b0
                0x0000000020000318                . = ALIGN (0x8)
 *fill*         0x0000000020000314        0x4 
                0x0000000020000318                PROVIDE (end = .)
                [!provide]                        PROVIDE (_end = .)
                0x0000000020000318                . = (. + _Min_Heap_Size)
                0x0000000020000718                . = (. + _Min_Stack_Size)
 *fill*         0x0000000020000318      0x400 
                0x0000000020000718                . = ALIGN (0x8)

/DISCARD/
 libc.a(*)
 libm.a(*)
 libgcc.a(*)

.ARM.attributes
                0x0000000000000000       0x2e
 *(.ARM.attributes)
 .ARM.attributes
                0x0000000000000000       0x1e C:/ST/STM32CubeIDE_1.12.1/STM32CubeIDE/plugins/com.st.stm32cube.ide.mcu.externaltools.gnu-tools-for-stm32.11.3.rel1.win32_1.1.1.202309131626/tools/bin/../lib/gcc/arm-none-eabi/11.3.1/thumb/v7e-m+dp/hard/crti.o
 .ARM.attributes
                0x000000000000001e       0x32 C:/ST/STM32CubeIDE_1.12.1/STM32CubeIDE/plugins/com.st.stm32cube.ide.mcu.externaltools.gnu-tools-for-stm32.11.3.rel1.win32_1.1.1.202309131626/tools/bin/../lib/gcc/arm-none-eabi/11.3.1/thumb/v7e-m+dp/hard/crtbegin.o
 .ARM.attributes
                0x0000000000000050       0x32 ./src/init.o
 .ARM.attributes
                0x0000000000000082       0x32 ./src/main.o
 .ARM.attributes
                0x00000000000000b4       0x32 ./src/mpu5060.o
 .ARM.attributes
                0x00000000000000e6       0x32 ./src/uart.o
 .ARM.attributes
                0x0000000000000118       0x21 ./startup/startup_stm32f769nihx.o
 .ARM.attributes
                0x0000000000000139       0x32 ./stm32lib/CMSIS/Device/ST/STM32F7xx/Source/Templates/system_stm32f7xx.o
 .ARM.attributes
                0x000000000000016b       0x32 ./stm32lib/STM32F7xx_HAL_Driver/Src/stm32f7xx_hal.o
 .ARM.attributes
                0x000000000000019d       0x32 ./stm32lib/STM32F7xx_HAL_Driver/Src/stm32f7xx_hal_cortex.o
 .ARM.attributes
                0x00000000000001cf       0x32 ./stm32lib/STM32F7xx_HAL_Driver/Src/stm32f7xx_hal_gpio.o
 .ARM.attributes
                0x0000000000000201       0x32 ./stm32lib/STM32F7xx_HAL_Driver/Src/stm32f7xx_hal_i2c.o
 .ARM.attributes
                0x0000000000000233       0x32 ./stm32lib/STM32F7xx_HAL_Driver/Src/stm32f7xx_hal_pwr_ex.o
 .ARM.attributes
                0x0000000000000265       0x32 ./stm32lib/STM32F7xx_HAL_Driver/Src/stm32f7xx_hal_rcc.o
 .ARM.attributes
                0x0000000000000297       0x32 ./stm32lib/STM32F7xx_HAL_Driver/Src/stm32f7xx_hal_uart.o
 .ARM.attributes
                0x00000000000002c9       0x32 C:/ST/STM32CubeIDE_1.12.1/STM32CubeIDE/plugins/com.st.stm32cube.ide.mcu.externaltools.gnu-tools-for-stm32.11.3.rel1.win32_1.1.1.202309131626/tools/bin/../lib/gcc/arm-none-eabi/11.3.1/../../../../arm-none-eabi/lib/thumb/v7e-m+dp/hard\libc_nano.a(libc_a-findfp.o)
 .ARM.attributes
                0x00000000000002fb       0x32 C:/ST/STM32CubeIDE_1.12.1/STM32CubeIDE/plugins/com.st.stm32cube.ide.mcu.externaltools.gnu-tools-for-stm32.11.3.rel1.win32_1.1.1.202309131626/tools/bin/../lib/gcc/arm-none-eabi/11.3.1/../../../../arm-none-eabi/lib/thumb/v7e-m+dp/hard\libc_nano.a(libc_a-fwalk.o)
 .ARM.attributes
                0x000000000000032d       0x32 C:/ST/STM32CubeIDE_1.12.1/STM32CubeIDE/plugins/com.st.stm32cube.ide.mcu.externaltools.gnu-tools-for-stm32.11.3.rel1.win32_1.1.1.202309131626/tools/bin/../lib/gcc/arm-none-eabi/11.3.1/../../../../arm-none-eabi/lib/thumb/v7e-m+dp/hard\libc_nano.a(libc_a-printf.o)
 .ARM.attributes
                0x000000000000035f       0x32 C:/ST/STM32CubeIDE_1.12.1/STM32CubeIDE/plugins/com.st.stm32cube.ide.mcu.externaltools.gnu-tools-for-stm32.11.3.rel1.win32_1.1.1.202309131626/tools/bin/../lib/gcc/arm-none-eabi/11.3.1/../../../../arm-none-eabi/lib/thumb/v7e-m+dp/hard\libc_nano.a(libc_a-setbuf.o)
 .ARM.attributes
                0x0000000000000391       0x32 C:/ST/STM32CubeIDE_1.12.1/STM32CubeIDE/plugins/com.st.stm32cube.ide.mcu.externaltools.gnu-tools-for-stm32.11.3.rel1.win32_1.1.1.202309131626/tools/bin/../lib/gcc/arm-none-eabi/11.3.1/../../../../arm-none-eabi/lib/thumb/v7e-m+dp/hard\libc_nano.a(libc_a-setvbuf.o)
 .ARM.attributes
                0x00000000000003c3       0x32 C:/ST/STM32CubeIDE_1.12.1/STM32CubeIDE/plugins/com.st.stm32cube.ide.mcu.externaltools.gnu-tools-for-stm32.11.3.rel1.win32_1.1.1.202309131626/tools/bin/../lib/gcc/arm-none-eabi/11.3.1/../../../../arm-none-eabi/lib/thumb/v7e-m+dp/hard\libc_nano.a(libc_a-stdio.o)
 .ARM.attributes
                0x00000000000003f5       0x32 C:/ST/STM32CubeIDE_1.12.1/STM32CubeIDE/plugins/com.st.stm32cube.ide.mcu.externaltools.gnu-tools-for-stm32.11.3.rel1.win32_1.1.1.202309131626/tools/bin/../lib/gcc/arm-none-eabi/11.3.1/../../../../arm-none-eabi/lib/thumb/v7e-m+dp/hard\libc_nano.a(libc_a-memset.o)
 .ARM.attributes
                0x0000000000000427       0x32 C:/ST/STM32CubeIDE_1.12.1/STM32CubeIDE/plugins/com.st.stm32cube.ide.mcu.externaltools.gnu-tools-for-stm32.11.3.rel1.win32_1.1.1.202309131626/tools/bin/../lib/gcc/arm-none-eabi/11.3.1/../../../../arm-none-eabi/lib/thumb/v7e-m+dp/hard\libc_nano.a(libc_a-closer.o)
 .ARM.attributes
                0x0000000000000459       0x32 C:/ST/STM32CubeIDE_1.12.1/STM32CubeIDE/plugins/com.st.stm32cube.ide.mcu.externaltools.gnu-tools-for-stm32.11.3.rel1.win32_1.1.1.202309131626/tools/bin/../lib/gcc/arm-none-eabi/11.3.1/../../../../arm-none-eabi/lib/thumb/v7e-m+dp/hard\libc_nano.a(libc_a-reent.o)
 .ARM.attributes
                0x000000000000048b       0x32 C:/ST/STM32CubeIDE_1.12.1/STM32CubeIDE/plugins/com.st.stm32cube.ide.mcu.externaltools.gnu-tools-for-stm32.11.3.rel1.win32_1.1.1.202309131626/tools/bin/../lib/gcc/arm-none-eabi/11.3.1/../../../../arm-none-eabi/lib/thumb/v7e-m+dp/hard\libc_nano.a(libc_a-impure.o)
 .ARM.attributes
                0x00000000000004bd       0x32 C:/ST/STM32CubeIDE_1.12.1/STM32CubeIDE/plugins/com.st.stm32cube.ide.mcu.externaltools.gnu-tools-for-stm32.11.3.rel1.win32_1.1.1.202309131626/tools/bin/../lib/gcc/arm-none-eabi/11.3.1/../../../../arm-none-eabi/lib/thumb/v7e-m+dp/hard\libc_nano.a(libc_a-lseekr.o)
 .ARM.attributes
                0x00000000000004ef       0x32 C:/ST/STM32CubeIDE_1.12.1/STM32CubeIDE/plugins/com.st.stm32cube.ide.mcu.externaltools.gnu-tools-for-stm32.11.3.rel1.win32_1.1.1.202309131626/tools/bin/../lib/gcc/arm-none-eabi/11.3.1/../../../../arm-none-eabi/lib/thumb/v7e-m+dp/hard\libc_nano.a(libc_a-readr.o)
 .ARM.attributes
                0x0000000000000521       0x32 C:/ST/STM32CubeIDE_1.12.1/STM32CubeIDE/plugins/com.st.stm32cube.ide.mcu.externaltools.gnu-tools-for-stm32.11.3.rel1.win32_1.1.1.202309131626/tools/bin/../lib/gcc/arm-none-eabi/11.3.1/../../../../arm-none-eabi/lib/thumb/v7e-m+dp/hard\libc_nano.a(libc_a-writer.o)
 .ARM.attributes
                0x0000000000000553       0x32 C:/ST/STM32CubeIDE_1.12.1/STM32CubeIDE/plugins/com.st.stm32cube.ide.mcu.externaltools.gnu-tools-for-stm32.11.3.rel1.win32_1.1.1.202309131626/tools/bin/../lib/gcc/arm-none-eabi/11.3.1/../../../../arm-none-eabi/lib/thumb/v7e-m+dp/hard\libc_nano.a(libc_a-init.o)
 .ARM.attributes
                0x0000000000000585       0x32 C:/ST/STM32CubeIDE_1.12.1/STM32CubeIDE/plugins/com.st.stm32cube.ide.mcu.externaltools.gnu-tools-for-stm32.11.3.rel1.win32_1.1.1.202309131626/tools/bin/../lib/gcc/arm-none-eabi/11.3.1/../../../../arm-none-eabi/lib/thumb/v7e-m+dp/hard\libc_nano.a(libc_a-lock.o)
 .ARM.attributes
                0x00000000000005b7       0x32 C:/ST/STM32CubeIDE_1.12.1/STM32CubeIDE/plugins/com.st.stm32cube.ide.mcu.externaltools.gnu-tools-for-stm32.11.3.rel1.win32_1.1.1.202309131626/tools/bin/../lib/gcc/arm-none-eabi/11.3.1/../../../../arm-none-eabi/lib/thumb/v7e-m+dp/hard\libc_nano.a(libc_a-freer.o)
 .ARM.attributes
                0x00000000000005e9       0x32 C:/ST/STM32CubeIDE_1.12.1/STM32CubeIDE/plugins/com.st.stm32cube.ide.mcu.externaltools.gnu-tools-for-stm32.11.3.rel1.win32_1.1.1.202309131626/tools/bin/../lib/gcc/arm-none-eabi/11.3.1/../../../../arm-none-eabi/lib/thumb/v7e-m+dp/hard\libc_nano.a(libc_a-malloc.o)
 .ARM.attributes
                0x000000000000061b       0x32 C:/ST/STM32CubeIDE_1.12.1/STM32CubeIDE/plugins/com.st.stm32cube.ide.mcu.externaltools.gnu-tools-for-stm32.11.3.rel1.win32_1.1.1.202309131626/tools/bin/../lib/gcc/arm-none-eabi/11.3.1/../../../../arm-none-eabi/lib/thumb/v7e-m+dp/hard\libc_nano.a(libc_a-mallocr.o)
 .ARM.attributes
                0x000000000000064d       0x32 C:/ST/STM32CubeIDE_1.12.1/STM32CubeIDE/plugins/com.st.stm32cube.ide.mcu.externaltools.gnu-tools-for-stm32.11.3.rel1.win32_1.1.1.202309131626/tools/bin/../lib/gcc/arm-none-eabi/11.3.1/../../../../arm-none-eabi/lib/thumb/v7e-m+dp/hard\libc_nano.a(libc_a-mlock.o)
 .ARM.attributes
                0x000000000000067f       0x32 C:/ST/STM32CubeIDE_1.12.1/STM32CubeIDE/plugins/com.st.stm32cube.ide.mcu.externaltools.gnu-tools-for-stm32.11.3.rel1.win32_1.1.1.202309131626/tools/bin/../lib/gcc/arm-none-eabi/11.3.1/../../../../arm-none-eabi/lib/thumb/v7e-m+dp/hard\libc_nano.a(libc_a-nano-vfprintf.o)
 .ARM.attributes
                0x00000000000006b1       0x32 C:/ST/STM32CubeIDE_1.12.1/STM32CubeIDE/plugins/com.st.stm32cube.ide.mcu.externaltools.gnu-tools-for-stm32.11.3.rel1.win32_1.1.1.202309131626/tools/bin/../lib/gcc/arm-none-eabi/11.3.1/../../../../arm-none-eabi/lib/thumb/v7e-m+dp/hard\libc_nano.a(libc_a-nano-vfprintf_i.o)
 .ARM.attributes
                0x00000000000006e3       0x32 C:/ST/STM32CubeIDE_1.12.1/STM32CubeIDE/plugins/com.st.stm32cube.ide.mcu.externaltools.gnu-tools-for-stm32.11.3.rel1.win32_1.1.1.202309131626/tools/bin/../lib/gcc/arm-none-eabi/11.3.1/../../../../arm-none-eabi/lib/thumb/v7e-m+dp/hard\libc_nano.a(libc_a-fflush.o)
 .ARM.attributes
                0x0000000000000715       0x32 C:/ST/STM32CubeIDE_1.12.1/STM32CubeIDE/plugins/com.st.stm32cube.ide.mcu.externaltools.gnu-tools-for-stm32.11.3.rel1.win32_1.1.1.202309131626/tools/bin/../lib/gcc/arm-none-eabi/11.3.1/../../../../arm-none-eabi/lib/thumb/v7e-m+dp/hard\libc_nano.a(libc_a-makebuf.o)
 .ARM.attributes
                0x0000000000000747       0x32 C:/ST/STM32CubeIDE_1.12.1/STM32CubeIDE/plugins/com.st.stm32cube.ide.mcu.externaltools.gnu-tools-for-stm32.11.3.rel1.win32_1.1.1.202309131626/tools/bin/../lib/gcc/arm-none-eabi/11.3.1/../../../../arm-none-eabi/lib/thumb/v7e-m+dp/hard\libc_nano.a(libc_a-wbuf.o)
 .ARM.attributes
                0x0000000000000779       0x32 C:/ST/STM32CubeIDE_1.12.1/STM32CubeIDE/plugins/com.st.stm32cube.ide.mcu.externaltools.gnu-tools-for-stm32.11.3.rel1.win32_1.1.1.202309131626/tools/bin/../lib/gcc/arm-none-eabi/11.3.1/../../../../arm-none-eabi/lib/thumb/v7e-m+dp/hard\libc_nano.a(libc_a-wsetup.o)
 .ARM.attributes
                0x00000000000007ab       0x32 C:/ST/STM32CubeIDE_1.12.1/STM32CubeIDE/plugins/com.st.stm32cube.ide.mcu.externaltools.gnu-tools-for-stm32.11.3.rel1.win32_1.1.1.202309131626/tools/bin/../lib/gcc/arm-none-eabi/11.3.1/../../../../arm-none-eabi/lib/thumb/v7e-m+dp/hard\libc_nano.a(libc_a-fstatr.o)
 .ARM.attributes
                0x00000000000007dd       0x32 C:/ST/STM32CubeIDE_1.12.1/STM32CubeIDE/plugins/com.st.stm32cube.ide.mcu.externaltools.gnu-tools-for-stm32.11.3.rel1.win32_1.1.1.202309131626/tools/bin/../lib/gcc/arm-none-eabi/11.3.1/../../../../arm-none-eabi/lib/thumb/v7e-m+dp/hard\libc_nano.a(libc_a-isattyr.o)
 .ARM.attributes
                0x000000000000080f       0x32 C:/ST/STM32CubeIDE_1.12.1/STM32CubeIDE/plugins/com.st.stm32cube.ide.mcu.externaltools.gnu-tools-for-stm32.11.3.rel1.win32_1.1.1.202309131626/tools/bin/../lib/gcc/arm-none-eabi/11.3.1/../../../../arm-none-eabi/lib/thumb/v7e-m+dp/hard\libc_nano.a(libc_a-sbrkr.o)
 .ARM.attributes
                0x0000000000000841       0x1c C:/ST/STM32CubeIDE_1.12.1/STM32CubeIDE/plugins/com.st.stm32cube.ide.mcu.externaltools.gnu-tools-for-stm32.11.3.rel1.win32_1.1.1.202309131626/tools/bin/../lib/gcc/arm-none-eabi/11.3.1/../../../../arm-none-eabi/lib/thumb/v7e-m+dp/hard\libc_nano.a(libc_a-memchr.o)
 .ARM.attributes
                0x000000000000085d       0x1e C:/ST/STM32CubeIDE_1.12.1/STM32CubeIDE/plugins/com.st.stm32cube.ide.mcu.externaltools.gnu-tools-for-stm32.11.3.rel1.win32_1.1.1.202309131626/tools/bin/../lib/gcc/arm-none-eabi/11.3.1/thumb/v7e-m+dp/hard\libgcc.a(_aeabi_uldivmod.o)
 .ARM.attributes
                0x000000000000087b       0x32 C:/ST/STM32CubeIDE_1.12.1/STM32CubeIDE/plugins/com.st.stm32cube.ide.mcu.externaltools.gnu-tools-for-stm32.11.3.rel1.win32_1.1.1.202309131626/tools/bin/../lib/gcc/arm-none-eabi/11.3.1/thumb/v7e-m+dp/hard\libgcc.a(_udivmoddi4.o)
 .ARM.attributes
                0x00000000000008ad       0x1e C:/ST/STM32CubeIDE_1.12.1/STM32CubeIDE/plugins/com.st.stm32cube.ide.mcu.externaltools.gnu-tools-for-stm32.11.3.rel1.win32_1.1.1.202309131626/tools/bin/../lib/gcc/arm-none-eabi/11.3.1/thumb/v7e-m+dp/hard\libgcc.a(_dvmd_tls.o)
 .ARM.attributes
                0x00000000000008cb       0x32 C:/ST/STM32CubeIDE_1.12.1/STM32CubeIDE/plugins/com.st.stm32cube.ide.mcu.externaltools.gnu-tools-for-stm32.11.3.rel1.win32_1.1.1.202309131626/tools/bin/../lib/gcc/arm-none-eabi/11.3.1/../../../../arm-none-eabi/lib/thumb/v7e-m+dp/hard\libnosys.a(sbrk.o)
 .ARM.attributes
                0x00000000000008fd       0x1e C:/ST/STM32CubeIDE_1.12.1/STM32CubeIDE/plugins/com.st.stm32cube.ide.mcu.externaltools.gnu-tools-for-stm32.11.3.rel1.win32_1.1.1.202309131626/tools/bin/../lib/gcc/arm-none-eabi/11.3.1/thumb/v7e-m+dp/hard/crtn.o
OUTPUT(final_project_4790.elf elf32-littlearm)
LOAD linker stubs
LOAD C:/ST/STM32CubeIDE_1.12.1/STM32CubeIDE/plugins/com.st.stm32cube.ide.mcu.externaltools.gnu-tools-for-stm32.11.3.rel1.win32_1.1.1.202309131626/tools/bin/../lib/gcc/arm-none-eabi/11.3.1/../../../../arm-none-eabi/lib/thumb/v7e-m+dp/hard\libc.a
LOAD C:/ST/STM32CubeIDE_1.12.1/STM32CubeIDE/plugins/com.st.stm32cube.ide.mcu.externaltools.gnu-tools-for-stm32.11.3.rel1.win32_1.1.1.202309131626/tools/bin/../lib/gcc/arm-none-eabi/11.3.1/../../../../arm-none-eabi/lib/thumb/v7e-m+dp/hard\libm.a
LOAD C:/ST/STM32CubeIDE_1.12.1/STM32CubeIDE/plugins/com.st.stm32cube.ide.mcu.externaltools.gnu-tools-for-stm32.11.3.rel1.win32_1.1.1.202309131626/tools/bin/../lib/gcc/arm-none-eabi/11.3.1/thumb/v7e-m+dp/hard\libgcc.a

.comment        0x0000000000000000       0x43
 .comment       0x0000000000000000       0x43 C:/ST/STM32CubeIDE_1.12.1/STM32CubeIDE/plugins/com.st.stm32cube.ide.mcu.externaltools.gnu-tools-for-stm32.11.3.rel1.win32_1.1.1.202309131626/tools/bin/../lib/gcc/arm-none-eabi/11.3.1/thumb/v7e-m+dp/hard/crtbegin.o
                                         0x44 (size before relaxing)
 .comment       0x0000000000000043       0x44 ./src/init.o
 .comment       0x0000000000000043       0x44 ./src/main.o
 .comment       0x0000000000000043       0x44 ./src/mpu5060.o
 .comment       0x0000000000000043       0x44 ./src/uart.o
 .comment       0x0000000000000043       0x44 ./stm32lib/CMSIS/Device/ST/STM32F7xx/Source/Templates/system_stm32f7xx.o
 .comment       0x0000000000000043       0x44 ./stm32lib/STM32F7xx_HAL_Driver/Src/stm32f7xx_hal.o
 .comment       0x0000000000000043       0x44 ./stm32lib/STM32F7xx_HAL_Driver/Src/stm32f7xx_hal_cortex.o
 .comment       0x0000000000000043       0x44 ./stm32lib/STM32F7xx_HAL_Driver/Src/stm32f7xx_hal_gpio.o
 .comment       0x0000000000000043       0x44 ./stm32lib/STM32F7xx_HAL_Driver/Src/stm32f7xx_hal_i2c.o
 .comment       0x0000000000000043       0x44 ./stm32lib/STM32F7xx_HAL_Driver/Src/stm32f7xx_hal_pwr_ex.o
 .comment       0x0000000000000043       0x44 ./stm32lib/STM32F7xx_HAL_Driver/Src/stm32f7xx_hal_rcc.o
 .comment       0x0000000000000043       0x44 ./stm32lib/STM32F7xx_HAL_Driver/Src/stm32f7xx_hal_uart.o

.debug_info     0x0000000000000000    0x112ce
 .debug_info    0x0000000000000000     0x1b03 ./src/init.o
 .debug_info    0x0000000000001b03      0x9fa ./src/main.o
 .debug_info    0x00000000000024fd      0xe4e ./src/mpu5060.o
 .debug_info    0x000000000000334b      0xeba ./src/uart.o
 .debug_info    0x0000000000004205       0x23 ./startup/startup_stm32f769nihx.o
 .debug_info    0x0000000000004228      0x706 ./stm32lib/CMSIS/Device/ST/STM32F7xx/Source/Templates/system_stm32f7xx.o
 .debug_info    0x000000000000492e      0xb6b ./stm32lib/STM32F7xx_HAL_Driver/Src/stm32f7xx_hal.o
 .debug_info    0x0000000000005499     0x11de ./stm32lib/STM32F7xx_HAL_Driver/Src/stm32f7xx_hal_cortex.o
 .debug_info    0x0000000000006677      0x738 ./stm32lib/STM32F7xx_HAL_Driver/Src/stm32f7xx_hal_gpio.o
 .debug_info    0x0000000000006daf     0x40a5 ./stm32lib/STM32F7xx_HAL_Driver/Src/stm32f7xx_hal_i2c.o
 .debug_info    0x000000000000ae54      0x9ba ./stm32lib/STM32F7xx_HAL_Driver/Src/stm32f7xx_hal_pwr_ex.o
 .debug_info    0x000000000000b80e      0xb85 ./stm32lib/STM32F7xx_HAL_Driver/Src/stm32f7xx_hal_rcc.o
 .debug_info    0x000000000000c393     0x4f3b ./stm32lib/STM32F7xx_HAL_Driver/Src/stm32f7xx_hal_uart.o

.debug_abbrev   0x0000000000000000     0x1e27
 .debug_abbrev  0x0000000000000000      0x312 ./src/init.o
 .debug_abbrev  0x0000000000000312      0x242 ./src/main.o
 .debug_abbrev  0x0000000000000554      0x293 ./src/mpu5060.o
 .debug_abbrev  0x00000000000007e7      0x288 ./src/uart.o
 .debug_abbrev  0x0000000000000a6f       0x12 ./startup/startup_stm32f769nihx.o
 .debug_abbrev  0x0000000000000a81      0x141 ./stm32lib/CMSIS/Device/ST/STM32F7xx/Source/Templates/system_stm32f7xx.o
 .debug_abbrev  0x0000000000000bc2      0x241 ./stm32lib/STM32F7xx_HAL_Driver/Src/stm32f7xx_hal.o
 .debug_abbrev  0x0000000000000e03      0x37b ./stm32lib/STM32F7xx_HAL_Driver/Src/stm32f7xx_hal_cortex.o
 .debug_abbrev  0x000000000000117e      0x204 ./stm32lib/STM32F7xx_HAL_Driver/Src/stm32f7xx_hal_gpio.o
 .debug_abbrev  0x0000000000001382      0x294 ./stm32lib/STM32F7xx_HAL_Driver/Src/stm32f7xx_hal_i2c.o
 .debug_abbrev  0x0000000000001616      0x204 ./stm32lib/STM32F7xx_HAL_Driver/Src/stm32f7xx_hal_pwr_ex.o
 .debug_abbrev  0x000000000000181a      0x2f1 ./stm32lib/STM32F7xx_HAL_Driver/Src/stm32f7xx_hal_rcc.o
 .debug_abbrev  0x0000000000001b0b      0x31c ./stm32lib/STM32F7xx_HAL_Driver/Src/stm32f7xx_hal_uart.o

.debug_loclists
                0x0000000000000000     0x7102
 .debug_loclists
                0x0000000000000000       0x79 ./src/init.o
 .debug_loclists
                0x0000000000000079       0x20 ./src/main.o
 .debug_loclists
                0x0000000000000099      0x296 ./src/mpu5060.o
 .debug_loclists
                0x000000000000032f      0x219 ./src/uart.o
 .debug_loclists
                0x0000000000000548       0xdb ./stm32lib/CMSIS/Device/ST/STM32F7xx/Source/Templates/system_stm32f7xx.o
 .debug_loclists
                0x0000000000000623       0xc9 ./stm32lib/STM32F7xx_HAL_Driver/Src/stm32f7xx_hal.o
 .debug_loclists
                0x00000000000006ec      0x4d1 ./stm32lib/STM32F7xx_HAL_Driver/Src/stm32f7xx_hal_cortex.o
 .debug_loclists
                0x0000000000000bbd      0x356 ./stm32lib/STM32F7xx_HAL_Driver/Src/stm32f7xx_hal_gpio.o
 .debug_loclists
                0x0000000000000f13     0x3192 ./stm32lib/STM32F7xx_HAL_Driver/Src/stm32f7xx_hal_i2c.o
 .debug_loclists
                0x00000000000040a5      0x19b ./stm32lib/STM32F7xx_HAL_Driver/Src/stm32f7xx_hal_pwr_ex.o
 .debug_loclists
                0x0000000000004240      0x45b ./stm32lib/STM32F7xx_HAL_Driver/Src/stm32f7xx_hal_rcc.o
 .debug_loclists
                0x000000000000469b     0x2a67 ./stm32lib/STM32F7xx_HAL_Driver/Src/stm32f7xx_hal_uart.o

.debug_aranges  0x0000000000000000      0x978
 .debug_aranges
                0x0000000000000000       0x40 ./src/init.o
 .debug_aranges
                0x0000000000000040       0x28 ./src/main.o
 .debug_aranges
                0x0000000000000068       0x48 ./src/mpu5060.o
 .debug_aranges
                0x00000000000000b0       0x90 ./src/uart.o
 .debug_aranges
                0x0000000000000140       0x28 ./startup/startup_stm32f769nihx.o
 .debug_aranges
                0x0000000000000168       0x28 ./stm32lib/CMSIS/Device/ST/STM32F7xx/Source/Templates/system_stm32f7xx.o
 .debug_aranges
                0x0000000000000190      0x110 ./stm32lib/STM32F7xx_HAL_Driver/Src/stm32f7xx_hal.o
 .debug_aranges
                0x00000000000002a0       0xa8 ./stm32lib/STM32F7xx_HAL_Driver/Src/stm32f7xx_hal_cortex.o
 .debug_aranges
                0x0000000000000348       0x58 ./stm32lib/STM32F7xx_HAL_Driver/Src/stm32f7xx_hal_gpio.o
 .debug_aranges
                0x00000000000003a0      0x2a0 ./stm32lib/STM32F7xx_HAL_Driver/Src/stm32f7xx_hal_i2c.o
 .debug_aranges
                0x0000000000000640       0x80 ./stm32lib/STM32F7xx_HAL_Driver/Src/stm32f7xx_hal_pwr_ex.o
 .debug_aranges
                0x00000000000006c0       0x88 ./stm32lib/STM32F7xx_HAL_Driver/Src/stm32f7xx_hal_rcc.o
 .debug_aranges
                0x0000000000000748      0x230 ./stm32lib/STM32F7xx_HAL_Driver/Src/stm32f7xx_hal_uart.o

.debug_rnglists
                0x0000000000000000      0x766
 .debug_rnglists
                0x0000000000000000       0x2d ./src/init.o
 .debug_rnglists
                0x000000000000002d       0x19 ./src/main.o
 .debug_rnglists
                0x0000000000000046       0x36 ./src/mpu5060.o
 .debug_rnglists
                0x000000000000007c       0x68 ./src/uart.o
 .debug_rnglists
                0x00000000000000e4       0x19 ./startup/startup_stm32f769nihx.o
 .debug_rnglists
                0x00000000000000fd       0x1a ./stm32lib/CMSIS/Device/ST/STM32F7xx/Source/Templates/system_stm32f7xx.o
 .debug_rnglists
                0x0000000000000117       0xc7 ./stm32lib/STM32F7xx_HAL_Driver/Src/stm32f7xx_hal.o
 .debug_rnglists
                0x00000000000001de       0xa9 ./stm32lib/STM32F7xx_HAL_Driver/Src/stm32f7xx_hal_cortex.o
 .debug_rnglists
                0x0000000000000287       0x3f ./stm32lib/STM32F7xx_HAL_Driver/Src/stm32f7xx_hal_gpio.o
 .debug_rnglists
                0x00000000000002c6      0x21c ./stm32lib/STM32F7xx_HAL_Driver/Src/stm32f7xx_hal_i2c.o
 .debug_rnglists
                0x00000000000004e2       0x5d ./stm32lib/STM32F7xx_HAL_Driver/Src/stm32f7xx_hal_pwr_ex.o
 .debug_rnglists
                0x000000000000053f       0x67 ./stm32lib/STM32F7xx_HAL_Driver/Src/stm32f7xx_hal_rcc.o
 .debug_rnglists
                0x00000000000005a6      0x1c0 ./stm32lib/STM32F7xx_HAL_Driver/Src/stm32f7xx_hal_uart.o

.debug_macro    0x0000000000000000    0x2e1bc
 .debug_macro   0x0000000000000000      0x329 ./src/init.o
 .debug_macro   0x0000000000000329      0xac0 ./src/init.o
 .debug_macro   0x0000000000000de9       0x3b ./src/init.o
 .debug_macro   0x0000000000000e24       0x22 ./src/init.o
 .debug_macro   0x0000000000000e46       0x8e ./src/init.o
 .debug_macro   0x0000000000000ed4       0x51 ./src/init.o
 .debug_macro   0x0000000000000f25      0x103 ./src/init.o
 .debug_macro   0x0000000000001028       0x6a ./src/init.o
 .debug_macro   0x0000000000001092      0x1df ./src/init.o
 .debug_macro   0x0000000000001271       0x1c ./src/init.o
 .debug_macro   0x000000000000128d       0x22 ./src/init.o
 .debug_macro   0x00000000000012af       0xd9 ./src/init.o
 .debug_macro   0x0000000000001388     0x12cd ./src/init.o
 .debug_macro   0x0000000000002655      0x11f ./src/init.o
 .debug_macro   0x0000000000002774       0x19 ./src/init.o
 .debug_macro   0x000000000000278d    0x204b6 ./src/init.o
 .debug_macro   0x0000000000022c43      0x2cc ./src/init.o
 .debug_macro   0x0000000000022f0f       0x2e ./src/init.o
 .debug_macro   0x0000000000022f3d       0x6d ./src/init.o
 .debug_macro   0x0000000000022faa     0x3749 ./src/init.o
 .debug_macro   0x00000000000266f3      0x174 ./src/init.o
 .debug_macro   0x0000000000026867       0x63 ./src/init.o
 .debug_macro   0x00000000000268ca     0x1b3f ./src/init.o
 .debug_macro   0x0000000000028409      0x6c4 ./src/init.o
 .debug_macro   0x0000000000028acd      0x115 ./src/init.o
 .debug_macro   0x0000000000028be2      0x275 ./src/init.o
 .debug_macro   0x0000000000028e57       0xa5 ./src/init.o
 .debug_macro   0x0000000000028efc      0x24f ./src/init.o
 .debug_macro   0x000000000002914b       0x71 ./src/init.o
 .debug_macro   0x00000000000291bc       0x58 ./src/init.o
 .debug_macro   0x0000000000029214      0x236 ./src/init.o
 .debug_macro   0x000000000002944a      0x416 ./src/init.o
 .debug_macro   0x0000000000029860      0x153 ./src/init.o
 .debug_macro   0x00000000000299b3      0x107 ./src/init.o
 .debug_macro   0x0000000000029aba      0x122 ./src/init.o
 .debug_macro   0x0000000000029bdc       0xa6 ./src/init.o
 .debug_macro   0x0000000000029c82      0x14e ./src/init.o
 .debug_macro   0x0000000000029dd0      0x3db ./src/init.o
 .debug_macro   0x000000000002a1ab       0x12 ./src/init.o
 .debug_macro   0x000000000002a1bd      0x22c ./src/init.o
 .debug_macro   0x000000000002a3e9       0x61 ./src/init.o
 .debug_macro   0x000000000002a44a       0xa5 ./src/init.o
 .debug_macro   0x000000000002a4ef      0x12e ./src/init.o
 .debug_macro   0x000000000002a61d      0x108 ./src/init.o
 .debug_macro   0x000000000002a725       0x35 ./src/init.o
 .debug_macro   0x000000000002a75a      0xa8a ./src/init.o
 .debug_macro   0x000000000002b1e4       0xa9 ./src/init.o
 .debug_macro   0x000000000002b28d      0x5ba ./src/init.o
 .debug_macro   0x000000000002b847       0x44 ./src/init.o
 .debug_macro   0x000000000002b88b      0x15b ./src/init.o
 .debug_macro   0x000000000002b9e6       0x61 ./src/init.o
 .debug_macro   0x000000000002ba47       0x29 ./src/init.o
 .debug_macro   0x000000000002ba70       0x43 ./src/init.o
 .debug_macro   0x000000000002bab3       0x34 ./src/init.o
 .debug_macro   0x000000000002bae7       0x16 ./src/init.o
 .debug_macro   0x000000000002bafd       0x43 ./src/init.o
 .debug_macro   0x000000000002bb40       0x34 ./src/init.o
 .debug_macro   0x000000000002bb74       0x10 ./src/init.o
 .debug_macro   0x000000000002bb84       0x58 ./src/init.o
 .debug_macro   0x000000000002bbdc       0x8e ./src/init.o
 .debug_macro   0x000000000002bc6a       0x1c ./src/init.o
 .debug_macro   0x000000000002bc86      0x177 ./src/init.o
 .debug_macro   0x000000000002bdfd      0x369 ./src/init.o
 .debug_macro   0x000000000002c166       0x10 ./src/init.o
 .debug_macro   0x000000000002c176       0x35 ./src/init.o
 .debug_macro   0x000000000002c1ab       0x20 ./src/init.o
 .debug_macro   0x000000000002c1cb       0x1c ./src/init.o
 .debug_macro   0x000000000002c1e7       0x10 ./src/init.o
 .debug_macro   0x000000000002c1f7       0x1c ./src/init.o
 .debug_macro   0x000000000002c213       0x16 ./src/init.o
 .debug_macro   0x000000000002c229      0x147 ./src/init.o
 .debug_macro   0x000000000002c370       0x4c ./src/init.o
 .debug_macro   0x000000000002c3bc      0x333 ./src/main.o
 .debug_macro   0x000000000002c6ef      0x2f1 ./src/mpu5060.o
 .debug_macro   0x000000000002c9e0       0x5b ./src/mpu5060.o
 .debug_macro   0x000000000002ca3b       0x94 ./src/mpu5060.o
 .debug_macro   0x000000000002cacf       0x57 ./src/mpu5060.o
 .debug_macro   0x000000000002cb26      0x19b ./src/mpu5060.o
 .debug_macro   0x000000000002ccc1       0x5d ./src/mpu5060.o
 .debug_macro   0x000000000002cd1e      0x31f ./src/uart.o
 .debug_macro   0x000000000002d03d      0x206 ./stm32lib/CMSIS/Device/ST/STM32F7xx/Source/Templates/system_stm32f7xx.o
 .debug_macro   0x000000000002d243      0x22a ./stm32lib/STM32F7xx_HAL_Driver/Src/stm32f7xx_hal.o
 .debug_macro   0x000000000002d46d      0x206 ./stm32lib/STM32F7xx_HAL_Driver/Src/stm32f7xx_hal_cortex.o
 .debug_macro   0x000000000002d673      0x20c ./stm32lib/STM32F7xx_HAL_Driver/Src/stm32f7xx_hal_gpio.o
 .debug_macro   0x000000000002d87f      0x2d2 ./stm32lib/STM32F7xx_HAL_Driver/Src/stm32f7xx_hal_i2c.o
 .debug_macro   0x000000000002db51      0x21e ./stm32lib/STM32F7xx_HAL_Driver/Src/stm32f7xx_hal_pwr_ex.o
 .debug_macro   0x000000000002dd6f      0x22a ./stm32lib/STM32F7xx_HAL_Driver/Src/stm32f7xx_hal_rcc.o
 .debug_macro   0x000000000002df99      0x223 ./stm32lib/STM32F7xx_HAL_Driver/Src/stm32f7xx_hal_uart.o

.debug_line     0x0000000000000000    0x12790
 .debug_line    0x0000000000000000      0xce8 ./src/init.o
 .debug_line    0x0000000000000ce8      0xa64 ./src/main.o
 .debug_line    0x000000000000174c      0xd1c ./src/mpu5060.o
 .debug_line    0x0000000000002468      0xc17 ./src/uart.o
 .debug_line    0x000000000000307f       0x7b ./startup/startup_stm32f769nihx.o
 .debug_line    0x00000000000030fa      0x909 ./stm32lib/CMSIS/Device/ST/STM32F7xx/Source/Templates/system_stm32f7xx.o
 .debug_line    0x0000000000003a03      0xbef ./stm32lib/STM32F7xx_HAL_Driver/Src/stm32f7xx_hal.o
 .debug_line    0x00000000000045f2      0xdc9 ./stm32lib/STM32F7xx_HAL_Driver/Src/stm32f7xx_hal_cortex.o
 .debug_line    0x00000000000053bb      0xd03 ./stm32lib/STM32F7xx_HAL_Driver/Src/stm32f7xx_hal_gpio.o
 .debug_line    0x00000000000060be     0x5381 ./stm32lib/STM32F7xx_HAL_Driver/Src/stm32f7xx_hal_i2c.o
 .debug_line    0x000000000000b43f      0xb91 ./stm32lib/STM32F7xx_HAL_Driver/Src/stm32f7xx_hal_pwr_ex.o
 .debug_line    0x000000000000bfd0     0x1296 ./stm32lib/STM32F7xx_HAL_Driver/Src/stm32f7xx_hal_rcc.o
 .debug_line    0x000000000000d266     0x552a ./stm32lib/STM32F7xx_HAL_Driver/Src/stm32f7xx_hal_uart.o

.debug_str      0x0000000000000000   0x11d5e8
 .debug_str     0x0000000000000000   0x119bd4 ./src/init.o
                                     0x11a38b (size before relaxing)
 .debug_str     0x0000000000119bd4      0x3b1 ./src/main.o
                                     0x119e26 (size before relaxing)
 .debug_str     0x0000000000119f85      0xa3b ./src/mpu5060.o
                                     0x119fc5 (size before relaxing)
 .debug_str     0x000000000011a9c0       0xf7 ./src/uart.o
                                     0x119eb6 (size before relaxing)
 .debug_str     0x000000000011aab7       0x2f ./startup/startup_stm32f769nihx.o
                                         0x59 (size before relaxing)
 .debug_str     0x000000000011aae6       0xc0 ./stm32lib/CMSIS/Device/ST/STM32F7xx/Source/Templates/system_stm32f7xx.o
                                     0x11618c (size before relaxing)
 .debug_str     0x000000000011aba6      0xacb ./stm32lib/STM32F7xx_HAL_Driver/Src/stm32f7xx_hal.o
                                     0x116bd3 (size before relaxing)
 .debug_str     0x000000000011b671      0x34d ./stm32lib/STM32F7xx_HAL_Driver/Src/stm32f7xx_hal_cortex.o
                                     0x116b5b (size before relaxing)
 .debug_str     0x000000000011b9be      0x160 ./stm32lib/STM32F7xx_HAL_Driver/Src/stm32f7xx_hal_gpio.o
                                     0x116220 (size before relaxing)
 .debug_str     0x000000000011bb1e      0xe16 ./stm32lib/STM32F7xx_HAL_Driver/Src/stm32f7xx_hal_i2c.o
                                     0x117378 (size before relaxing)
 .debug_str     0x000000000011c934      0x1f6 ./stm32lib/STM32F7xx_HAL_Driver/Src/stm32f7xx_hal_pwr_ex.o
                                     0x1163d1 (size before relaxing)
 .debug_str     0x000000000011cb2a      0x24b ./stm32lib/STM32F7xx_HAL_Driver/Src/stm32f7xx_hal_rcc.o
                                     0x1164ee (size before relaxing)
 .debug_str     0x000000000011cd75      0x873 ./stm32lib/STM32F7xx_HAL_Driver/Src/stm32f7xx_hal_uart.o
                                     0x116e2b (size before relaxing)

.debug_frame    0x0000000000000000     0x22c0
 .debug_frame   0x0000000000000000       0x94 ./src/init.o
 .debug_frame   0x0000000000000094       0x4c ./src/main.o
 .debug_frame   0x00000000000000e0      0x10c ./src/mpu5060.o
 .debug_frame   0x00000000000001ec      0x164 ./src/uart.o
 .debug_frame   0x0000000000000350       0x30 ./stm32lib/CMSIS/Device/ST/STM32F7xx/Source/Templates/system_stm32f7xx.o
 .debug_frame   0x0000000000000380      0x22c ./stm32lib/STM32F7xx_HAL_Driver/Src/stm32f7xx_hal.o
 .debug_frame   0x00000000000005ac      0x148 ./stm32lib/STM32F7xx_HAL_Driver/Src/stm32f7xx_hal_cortex.o
 .debug_frame   0x00000000000006f4       0xd8 ./stm32lib/STM32F7xx_HAL_Driver/Src/stm32f7xx_hal_gpio.o
 .debug_frame   0x00000000000007cc      0x97c ./stm32lib/STM32F7xx_HAL_Driver/Src/stm32f7xx_hal_i2c.o
 .debug_frame   0x0000000000001148      0x134 ./stm32lib/STM32F7xx_HAL_Driver/Src/stm32f7xx_hal_pwr_ex.o
 .debug_frame   0x000000000000127c      0x178 ./stm32lib/STM32F7xx_HAL_Driver/Src/stm32f7xx_hal_rcc.o
 .debug_frame   0x00000000000013f4      0x610 ./stm32lib/STM32F7xx_HAL_Driver/Src/stm32f7xx_hal_uart.o
 .debug_frame   0x0000000000001a04      0x144 C:/ST/STM32CubeIDE_1.12.1/STM32CubeIDE/plugins/com.st.stm32cube.ide.mcu.externaltools.gnu-tools-for-stm32.11.3.rel1.win32_1.1.1.202309131626/tools/bin/../lib/gcc/arm-none-eabi/11.3.1/../../../../arm-none-eabi/lib/thumb/v7e-m+dp/hard\libc_nano.a(libc_a-findfp.o)
 .debug_frame   0x0000000000001b48       0x34 C:/ST/STM32CubeIDE_1.12.1/STM32CubeIDE/plugins/com.st.stm32cube.ide.mcu.externaltools.gnu-tools-for-stm32.11.3.rel1.win32_1.1.1.202309131626/tools/bin/../lib/gcc/arm-none-eabi/11.3.1/../../../../arm-none-eabi/lib/thumb/v7e-m+dp/hard\libc_nano.a(libc_a-fwalk.o)
 .debug_frame   0x0000000000001b7c       0x6c C:/ST/STM32CubeIDE_1.12.1/STM32CubeIDE/plugins/com.st.stm32cube.ide.mcu.externaltools.gnu-tools-for-stm32.11.3.rel1.win32_1.1.1.202309131626/tools/bin/../lib/gcc/arm-none-eabi/11.3.1/../../../../arm-none-eabi/lib/thumb/v7e-m+dp/hard\libc_nano.a(libc_a-printf.o)
 .debug_frame   0x0000000000001be8       0x20 C:/ST/STM32CubeIDE_1.12.1/STM32CubeIDE/plugins/com.st.stm32cube.ide.mcu.externaltools.gnu-tools-for-stm32.11.3.rel1.win32_1.1.1.202309131626/tools/bin/../lib/gcc/arm-none-eabi/11.3.1/../../../../arm-none-eabi/lib/thumb/v7e-m+dp/hard\libc_nano.a(libc_a-setbuf.o)
 .debug_frame   0x0000000000001c08       0x38 C:/ST/STM32CubeIDE_1.12.1/STM32CubeIDE/plugins/com.st.stm32cube.ide.mcu.externaltools.gnu-tools-for-stm32.11.3.rel1.win32_1.1.1.202309131626/tools/bin/../lib/gcc/arm-none-eabi/11.3.1/../../../../arm-none-eabi/lib/thumb/v7e-m+dp/hard\libc_nano.a(libc_a-setvbuf.o)
 .debug_frame   0x0000000000001c40       0x88 C:/ST/STM32CubeIDE_1.12.1/STM32CubeIDE/plugins/com.st.stm32cube.ide.mcu.externaltools.gnu-tools-for-stm32.11.3.rel1.win32_1.1.1.202309131626/tools/bin/../lib/gcc/arm-none-eabi/11.3.1/../../../../arm-none-eabi/lib/thumb/v7e-m+dp/hard\libc_nano.a(libc_a-stdio.o)
 .debug_frame   0x0000000000001cc8       0x20 C:/ST/STM32CubeIDE_1.12.1/STM32CubeIDE/plugins/com.st.stm32cube.ide.mcu.externaltools.gnu-tools-for-stm32.11.3.rel1.win32_1.1.1.202309131626/tools/bin/../lib/gcc/arm-none-eabi/11.3.1/../../../../arm-none-eabi/lib/thumb/v7e-m+dp/hard\libc_nano.a(libc_a-memset.o)
 .debug_frame   0x0000000000001ce8       0x2c C:/ST/STM32CubeIDE_1.12.1/STM32CubeIDE/plugins/com.st.stm32cube.ide.mcu.externaltools.gnu-tools-for-stm32.11.3.rel1.win32_1.1.1.202309131626/tools/bin/../lib/gcc/arm-none-eabi/11.3.1/../../../../arm-none-eabi/lib/thumb/v7e-m+dp/hard\libc_nano.a(libc_a-closer.o)
 .debug_frame   0x0000000000001d14       0x38 C:/ST/STM32CubeIDE_1.12.1/STM32CubeIDE/plugins/com.st.stm32cube.ide.mcu.externaltools.gnu-tools-for-stm32.11.3.rel1.win32_1.1.1.202309131626/tools/bin/../lib/gcc/arm-none-eabi/11.3.1/../../../../arm-none-eabi/lib/thumb/v7e-m+dp/hard\libc_nano.a(libc_a-reent.o)
 .debug_frame   0x0000000000001d4c       0x2c C:/ST/STM32CubeIDE_1.12.1/STM32CubeIDE/plugins/com.st.stm32cube.ide.mcu.externaltools.gnu-tools-for-stm32.11.3.rel1.win32_1.1.1.202309131626/tools/bin/../lib/gcc/arm-none-eabi/11.3.1/../../../../arm-none-eabi/lib/thumb/v7e-m+dp/hard\libc_nano.a(libc_a-lseekr.o)
 .debug_frame   0x0000000000001d78       0x2c C:/ST/STM32CubeIDE_1.12.1/STM32CubeIDE/plugins/com.st.stm32cube.ide.mcu.externaltools.gnu-tools-for-stm32.11.3.rel1.win32_1.1.1.202309131626/tools/bin/../lib/gcc/arm-none-eabi/11.3.1/../../../../arm-none-eabi/lib/thumb/v7e-m+dp/hard\libc_nano.a(libc_a-readr.o)
 .debug_frame   0x0000000000001da4       0x2c C:/ST/STM32CubeIDE_1.12.1/STM32CubeIDE/plugins/com.st.stm32cube.ide.mcu.externaltools.gnu-tools-for-stm32.11.3.rel1.win32_1.1.1.202309131626/tools/bin/../lib/gcc/arm-none-eabi/11.3.1/../../../../arm-none-eabi/lib/thumb/v7e-m+dp/hard\libc_nano.a(libc_a-writer.o)
 .debug_frame   0x0000000000001dd0       0x2c C:/ST/STM32CubeIDE_1.12.1/STM32CubeIDE/plugins/com.st.stm32cube.ide.mcu.externaltools.gnu-tools-for-stm32.11.3.rel1.win32_1.1.1.202309131626/tools/bin/../lib/gcc/arm-none-eabi/11.3.1/../../../../arm-none-eabi/lib/thumb/v7e-m+dp/hard\libc_nano.a(libc_a-init.o)
 .debug_frame   0x0000000000001dfc       0xb0 C:/ST/STM32CubeIDE_1.12.1/STM32CubeIDE/plugins/com.st.stm32cube.ide.mcu.externaltools.gnu-tools-for-stm32.11.3.rel1.win32_1.1.1.202309131626/tools/bin/../lib/gcc/arm-none-eabi/11.3.1/../../../../arm-none-eabi/lib/thumb/v7e-m+dp/hard\libc_nano.a(libc_a-lock.o)
 .debug_frame   0x0000000000001eac       0x38 C:/ST/STM32CubeIDE_1.12.1/STM32CubeIDE/plugins/com.st.stm32cube.ide.mcu.externaltools.gnu-tools-for-stm32.11.3.rel1.win32_1.1.1.202309131626/tools/bin/../lib/gcc/arm-none-eabi/11.3.1/../../../../arm-none-eabi/lib/thumb/v7e-m+dp/hard\libc_nano.a(libc_a-freer.o)
 .debug_frame   0x0000000000001ee4       0x30 C:/ST/STM32CubeIDE_1.12.1/STM32CubeIDE/plugins/com.st.stm32cube.ide.mcu.externaltools.gnu-tools-for-stm32.11.3.rel1.win32_1.1.1.202309131626/tools/bin/../lib/gcc/arm-none-eabi/11.3.1/../../../../arm-none-eabi/lib/thumb/v7e-m+dp/hard\libc_nano.a(libc_a-malloc.o)
 .debug_frame   0x0000000000001f14       0x50 C:/ST/STM32CubeIDE_1.12.1/STM32CubeIDE/plugins/com.st.stm32cube.ide.mcu.externaltools.gnu-tools-for-stm32.11.3.rel1.win32_1.1.1.202309131626/tools/bin/../lib/gcc/arm-none-eabi/11.3.1/../../../../arm-none-eabi/lib/thumb/v7e-m+dp/hard\libc_nano.a(libc_a-mallocr.o)
 .debug_frame   0x0000000000001f64       0x30 C:/ST/STM32CubeIDE_1.12.1/STM32CubeIDE/plugins/com.st.stm32cube.ide.mcu.externaltools.gnu-tools-for-stm32.11.3.rel1.win32_1.1.1.202309131626/tools/bin/../lib/gcc/arm-none-eabi/11.3.1/../../../../arm-none-eabi/lib/thumb/v7e-m+dp/hard\libc_nano.a(libc_a-mlock.o)
 .debug_frame   0x0000000000001f94       0xa8 C:/ST/STM32CubeIDE_1.12.1/STM32CubeIDE/plugins/com.st.stm32cube.ide.mcu.externaltools.gnu-tools-for-stm32.11.3.rel1.win32_1.1.1.202309131626/tools/bin/../lib/gcc/arm-none-eabi/11.3.1/../../../../arm-none-eabi/lib/thumb/v7e-m+dp/hard\libc_nano.a(libc_a-nano-vfprintf.o)
 .debug_frame   0x000000000000203c       0x60 C:/ST/STM32CubeIDE_1.12.1/STM32CubeIDE/plugins/com.st.stm32cube.ide.mcu.externaltools.gnu-tools-for-stm32.11.3.rel1.win32_1.1.1.202309131626/tools/bin/../lib/gcc/arm-none-eabi/11.3.1/../../../../arm-none-eabi/lib/thumb/v7e-m+dp/hard\libc_nano.a(libc_a-nano-vfprintf_i.o)
 .debug_frame   0x000000000000209c       0x5c C:/ST/STM32CubeIDE_1.12.1/STM32CubeIDE/plugins/com.st.stm32cube.ide.mcu.externaltools.gnu-tools-for-stm32.11.3.rel1.win32_1.1.1.202309131626/tools/bin/../lib/gcc/arm-none-eabi/11.3.1/../../../../arm-none-eabi/lib/thumb/v7e-m+dp/hard\libc_nano.a(libc_a-fflush.o)
 .debug_frame   0x00000000000020f8       0x58 C:/ST/STM32CubeIDE_1.12.1/STM32CubeIDE/plugins/com.st.stm32cube.ide.mcu.externaltools.gnu-tools-for-stm32.11.3.rel1.win32_1.1.1.202309131626/tools/bin/../lib/gcc/arm-none-eabi/11.3.1/../../../../arm-none-eabi/lib/thumb/v7e-m+dp/hard\libc_nano.a(libc_a-makebuf.o)
 .debug_frame   0x0000000000002150       0x40 C:/ST/STM32CubeIDE_1.12.1/STM32CubeIDE/plugins/com.st.stm32cube.ide.mcu.externaltools.gnu-tools-for-stm32.11.3.rel1.win32_1.1.1.202309131626/tools/bin/../lib/gcc/arm-none-eabi/11.3.1/../../../../arm-none-eabi/lib/thumb/v7e-m+dp/hard\libc_nano.a(libc_a-wbuf.o)
 .debug_frame   0x0000000000002190       0x2c C:/ST/STM32CubeIDE_1.12.1/STM32CubeIDE/plugins/com.st.stm32cube.ide.mcu.externaltools.gnu-tools-for-stm32.11.3.rel1.win32_1.1.1.202309131626/tools/bin/../lib/gcc/arm-none-eabi/11.3.1/../../../../arm-none-eabi/lib/thumb/v7e-m+dp/hard\libc_nano.a(libc_a-wsetup.o)