C:/STM/workspace/stm32lib/STM32F7xx_HAL_Driver/Src/stm32f7xx_hal_rcc.c:196:19:HAL_RCC_DeInit	16	static
C:/STM/workspace/stm32lib/STM32F7xx_HAL_Driver/Src/stm32f7xx_hal_rcc.c:331:19:HAL_RCC_OscConfig	24	static
C:/STM/workspace/stm32lib/STM32F7xx_HAL_Driver/Src/stm32f7xx_hal_rcc.c:848:6:HAL_RCC_MCOConfig	48	static
C:/STM/workspace/stm32lib/STM32F7xx_HAL_Driver/Src/stm32f7xx_hal_rcc.c:901:6:HAL_RCC_EnableCSS	0	static
C:/STM/workspace/stm32lib/STM32F7xx_HAL_Driver/Src/stm32f7xx_hal_rcc.c:909:6:HAL_RCC_DisableCSS	0	static
C:/STM/workspace/stm32lib/STM32F7xx_HAL_Driver/Src/stm32f7xx_hal_rcc.c:943:10:HAL_RCC_GetSysClockFreq	8	static
C:/STM/workspace/stm32lib/STM32F7xx_HAL_Driver/Src/stm32f7xx_hal_rcc.c:676:19:HAL_RCC_ClockConfig	16	static
C:/STM/workspace/stm32lib/STM32F7xx_HAL_Driver/Src/stm32f7xx_hal_rcc.c:997:10:HAL_RCC_GetHCLKFreq	0	static
C:/STM/workspace/stm32lib/STM32F7xx_HAL_Driver/Src/stm32f7xx_hal_rcc.c:1007:10:HAL_RCC_GetPCLK1Freq	8	static
C:/STM/workspace/stm32lib/STM32F7xx_HAL_Driver/Src/stm32f7xx_hal_rcc.c:1019:10:HAL_RCC_GetPCLK2Freq	8	static
C:/STM/workspace/stm32lib/STM32F7xx_HAL_Driver/Src/stm32f7xx_hal_rcc.c:1032:6:HAL_RCC_GetOscConfig	0	static,ignoring_inline_asm
C:/STM/workspace/stm32lib/STM32F7xx_HAL_Driver/Src/stm32f7xx_hal_rcc.c:1103:6:HAL_RCC_GetClockConfig	0	static
C:/STM/workspace/stm32lib/STM32F7xx_HAL_Driver/Src/stm32f7xx_hal_rcc.c:1146:13:HAL_RCC_CSSCallback	0	static
C:/STM/workspace/stm32lib/STM32F7xx_HAL_Driver/Src/stm32f7xx_hal_rcc.c:1131:6:HAL_RCC_NMI_IRQHandler	8	static
